Archive member included to satisfy reference by file (symbol)

/usr/lib/gcc/arm-none-eabi/13.2.1/../../../arm-none-eabi/lib/thumb/v8-m.main+fp/softfp/libm.a(libm_a-wf_sqrt.o)
                              CMakeFiles/mpi_rom.dir/workspace/pico-sdk/src/rp2_common/pico_float/float_math.c.o (sqrtf)
/usr/lib/gcc/arm-none-eabi/13.2.1/../../../arm-none-eabi/lib/thumb/v8-m.main+fp/softfp/libm.a(libm_a-ef_sqrt.o)
                              /usr/lib/gcc/arm-none-eabi/13.2.1/../../../arm-none-eabi/lib/thumb/v8-m.main+fp/softfp/libm.a(libm_a-wf_sqrt.o) (__ieee754_sqrtf)
/usr/lib/gcc/arm-none-eabi/13.2.1/thumb/v8-m.main+fp/softfp/libgcc.a(_arm_addsubdf3.o)
                              CMakeFiles/mpi_rom.dir/workspace/pico-sdk/src/rp2_common/pico_float/float_math.c.o (__aeabi_f2d)
/usr/lib/gcc/arm-none-eabi/13.2.1/thumb/v8-m.main+fp/softfp/libgcc.a(_aeabi_ldivmod.o)
                              CMakeFiles/mpi_rom.dir/workspace/pico-sdk/src/common/pico_time/time.c.o (__aeabi_ldivmod)
/usr/lib/gcc/arm-none-eabi/13.2.1/thumb/v8-m.main+fp/softfp/libgcc.a(_aeabi_uldivmod.o)
                              CMakeFiles/mpi_rom.dir/workspace/pico-sdk/src/rp2_common/hardware_clocks/clocks.c.o (__aeabi_uldivmod)
/usr/lib/gcc/arm-none-eabi/13.2.1/thumb/v8-m.main+fp/softfp/libgcc.a(_udivmoddi4.o)
                              /usr/lib/gcc/arm-none-eabi/13.2.1/thumb/v8-m.main+fp/softfp/libgcc.a(_aeabi_ldivmod.o) (__udivmoddi4)
/usr/lib/gcc/arm-none-eabi/13.2.1/thumb/v8-m.main+fp/softfp/libgcc.a(_dvmd_tls.o)
                              /usr/lib/gcc/arm-none-eabi/13.2.1/thumb/v8-m.main+fp/softfp/libgcc.a(_aeabi_ldivmod.o) (__aeabi_ldiv0)
/usr/lib/gcc/arm-none-eabi/13.2.1/../../../arm-none-eabi/lib/thumb/v8-m.main+fp/softfp/libg.a(libc_a-memset.o)
                              /usr/lib/gcc/arm-none-eabi/13.2.1/../../../arm-none-eabi/lib/thumb/v8-m.main+fp/softfp/crt0.o (memset)
/usr/lib/gcc/arm-none-eabi/13.2.1/../../../arm-none-eabi/lib/thumb/v8-m.main+fp/softfp/libg.a(libc_a-calloc.o)
                              CMakeFiles/mpi_rom.dir/workspace/pico-sdk/src/rp2_common/pico_malloc/malloc.c.o (calloc)
/usr/lib/gcc/arm-none-eabi/13.2.1/../../../arm-none-eabi/lib/thumb/v8-m.main+fp/softfp/libg.a(libc_a-errno.o)
                              /usr/lib/gcc/arm-none-eabi/13.2.1/../../../arm-none-eabi/lib/thumb/v8-m.main+fp/softfp/libm.a(libm_a-wf_sqrt.o) (__errno)
/usr/lib/gcc/arm-none-eabi/13.2.1/../../../arm-none-eabi/lib/thumb/v8-m.main+fp/softfp/libg.a(libc_a-impure.o)
                              /usr/lib/gcc/arm-none-eabi/13.2.1/../../../arm-none-eabi/lib/thumb/v8-m.main+fp/softfp/libg.a(libc_a-calloc.o) (_impure_ptr)
/usr/lib/gcc/arm-none-eabi/13.2.1/../../../arm-none-eabi/lib/thumb/v8-m.main+fp/softfp/libg.a(libc_a-callocr.o)
                              /usr/lib/gcc/arm-none-eabi/13.2.1/../../../arm-none-eabi/lib/thumb/v8-m.main+fp/softfp/libg.a(libc_a-calloc.o) (_calloc_r)
/usr/lib/gcc/arm-none-eabi/13.2.1/../../../arm-none-eabi/lib/thumb/v8-m.main+fp/softfp/libg.a(libc_a-realloc.o)
                              CMakeFiles/mpi_rom.dir/workspace/pico-sdk/src/rp2_common/pico_malloc/malloc.c.o (realloc)
/usr/lib/gcc/arm-none-eabi/13.2.1/../../../arm-none-eabi/lib/thumb/v8-m.main+fp/softfp/libg.a(libc_a-mallocr.o)
                              /usr/lib/gcc/arm-none-eabi/13.2.1/../../../arm-none-eabi/lib/thumb/v8-m.main+fp/softfp/libg.a(libc_a-callocr.o) (_malloc_r)
/usr/lib/gcc/arm-none-eabi/13.2.1/../../../arm-none-eabi/lib/thumb/v8-m.main+fp/softfp/libg.a(libc_a-freer.o)
                              /usr/lib/gcc/arm-none-eabi/13.2.1/../../../arm-none-eabi/lib/thumb/v8-m.main+fp/softfp/libg.a(libc_a-mallocr.o) (_free_r)
/usr/lib/gcc/arm-none-eabi/13.2.1/../../../arm-none-eabi/lib/thumb/v8-m.main+fp/softfp/libg.a(libc_a-memcmp.o)
                              CMakeFiles/mpi_rom.dir/workspace/pico-sdk/src/rp2_common/pico_atomic/atomic.c.o (memcmp)
/usr/lib/gcc/arm-none-eabi/13.2.1/../../../arm-none-eabi/lib/thumb/v8-m.main+fp/softfp/libg.a(libc_a-malloc.o)
                              CMakeFiles/mpi_rom.dir/workspace/pico-sdk/src/rp2_common/pico_malloc/malloc.c.o (malloc)
/usr/lib/gcc/arm-none-eabi/13.2.1/../../../arm-none-eabi/lib/thumb/v8-m.main+fp/softfp/libg.a(libc_a-memcpy.o)
                              CMakeFiles/mpi_rom.dir/workspace/pico-sdk/src/common/pico_util/queue.c.o (memcpy)
/usr/lib/gcc/arm-none-eabi/13.2.1/../../../arm-none-eabi/lib/thumb/v8-m.main+fp/softfp/libg.a(libc_a-sysconf.o)
                              /usr/lib/gcc/arm-none-eabi/13.2.1/../../../arm-none-eabi/lib/thumb/v8-m.main+fp/softfp/libg.a(libc_a-mallocr.o) (sysconf)
/usr/lib/gcc/arm-none-eabi/13.2.1/../../../arm-none-eabi/lib/thumb/v8-m.main+fp/softfp/libg.a(libc_a-init.o)
                              /usr/lib/gcc/arm-none-eabi/13.2.1/../../../arm-none-eabi/lib/thumb/v8-m.main+fp/softfp/crt0.o (__libc_init_array)
/usr/lib/gcc/arm-none-eabi/13.2.1/../../../arm-none-eabi/lib/thumb/v8-m.main+fp/softfp/libg.a(libc_a-reallocr.o)
[...]
Memory Configuration

Name             Origin             Length             Attributes
FLASH            0x10000000         0x00400000         xr
RAM              0x20000000         0x00080000         xrw
SCRATCH_X        0x20080000         0x00001000         xrw
SCRATCH_Y        0x20081000         0x00001000         xrw
*default*        0x00000000         0xffffffff

Linker script and memory map

LOAD /usr/lib/gcc/arm-none-eabi/13.2.1/thumb/v8-m.main+fp/softfp/crti.o
LOAD /usr/lib/gcc/arm-none-eabi/13.2.1/thumb/v8-m.main+fp/softfp/crtbegin.o
LOAD /usr/lib/gcc/arm-none-eabi/13.2.1/../../../arm-none-eabi/lib/thumb/v8-m.main+fp/softfp/crt0.o

.flash_begin    0x10000000        0x0
                0x10000000                        __flash_binary_start = .

.text           0x10000000     0x21e8
                0x10000000                        __logical_binary_start = .
 *(.vectors)
 .vectors       0x10000000      0x124 CMakeFiles/mpi_rom.dir/workspace/pico-sdk/src/rp2_common/pico_crt0/crt0.S.o
                0x10000000                __vectors
                0x10000000                __VECTOR_TABLE
                0x10000110                isr_invalid
                0x10000110                __default_isrs_start
                0x10000112                isr_nmi
                0x10000114                isr_hardfault
                0x10000116                isr_svcall
                0x10000118                isr_pendsv
                0x1000011a                isr_systick
                0x1000011c                isr_irq30
                0x1000011c                __unhandled_user_irq
                0x1000011c                isr_irq49
                0x1000011c                isr_irq13
                0x1000011c                isr_irq43
                0x1000011c                isr_irq45
                0x1000011c                isr_irq27
                0x1000011c                isr_irq32
                0x1000011c                isr_irq31
                0x1000011c                isr_irq5
                0x1000011c                isr_irq11
                0x1000011c                isr_irq23
                0x1000011c                isr_irq48
                0x1000011c                isr_irq35
                0x1000011c                isr_irq18
                0x1000011c                isr_irq50
                0x1000011c                isr_irq40
                0x1000011c                isr_irq28
                0x1000011c                isr_irq19
                0x1000011c                isr_irq36
                0x1000011c                isr_irq41
                0x1000011c                isr_irq0
                0x1000011c                isr_irq6
                0x1000011c                isr_irq37
                0x1000011c                isr_irq42
                0x1000011c                isr_irq22
                0x1000011c                isr_irq17
                0x1000011c                isr_irq38
                0x1000011c                isr_irq14
                0x1000011c                isr_irq2
                0x1000011c                isr_irq10
                0x1000011c                isr_irq8
                0x1000011c                isr_irq24
                0x1000011c                isr_irq46
                0x1000011c                isr_irq1
                0x1000011c                isr_irq47
                0x1000011c                isr_irq51
                0x1000011c                isr_irq7
                0x1000011c                isr_irq21
                0x1000011c                isr_irq39
                0x1000011c                isr_irq20
                0x1000011c                isr_irq15
                0x1000011c                isr_irq25
                0x1000011c                isr_irq34
                0x1000011c                isr_irq4
                0x1000011c                isr_irq16
                0x1000011c                isr_irq44
                0x1000011c                isr_irq29
                0x1000011c                isr_irq26
                0x1000011c                __default_isrs_end
                0x1000011c                isr_irq33
                0x1000011c                isr_irq3
                0x1000011c                isr_irq12
                0x1000011c                isr_irq9
                0x10000122                unhandled_user_irq_num_in_r0
 *(.binary_info_header)
 .binary_info_header
                0x10000124       0x14 CMakeFiles/mpi_rom.dir/workspace/pico-sdk/src/rp2_common/pico_crt0/crt0.S.o
                0x10000138                        __binary_info_header_end = .
 *(.embedded_block)
 .embedded_block
                0x10000138       0x14 CMakeFiles/mpi_rom.dir/workspace/pico-sdk/src/rp2_common/pico_crt0/crt0.S.o
                0x1000014c                        __embedded_block_end = .
 *(.reset)
 .reset         0x1000014c       0xa0 CMakeFiles/mpi_rom.dir/workspace/pico-sdk/src/rp2_common/pico_crt0/crt0.S.o
                0x1000014c                _entry_point
 *(.init)
 .init          0x100001ec        0x4 /usr/lib/gcc/arm-none-eabi/13.2.1/thumb/v8-m.main+fp/softfp/crti.o
                0x100001ec                _init
 *libgcc.a:cmse_nonsecure_call.o()
 *(EXCLUDE_FILE(*libm.a: *libc.a:*lib_a-mem*.o *libgcc.a:) .text*)
 .text          0x100001f0       0x8c /usr/lib/gcc/arm-none-eabi/13.2.1/thumb/v8-m.main+fp/softfp/crtbegin.o
 *fill*         0x1000027c        0x4 
 .text.startup.main
                0x10000280      0x2a0 CMakeFiles/mpi_rom.dir/main.c.o
                0x10000280                main
 .text.mpi_direction_masks
                0x10000520       0x14 CMakeFiles/mpi_rom.dir/decode.c.o
                0x10000520                mpi_direction_masks
 .text.mpi_decode_init
                0x10000534      0x180 CMakeFiles/mpi_rom.dir/decode.c.o
                0x10000534                mpi_decode_init
 .text.gpio_set_function
                0x100006b4       0x3c CMakeFiles/mpi_rom.dir/workspace/pico-sdk/src/rp2_common/hardware_gpio/gpio.c.o
                0x100006b4                gpio_set_function
 .text.gpio_set_pulls
                0x100006f0       0x28 CMakeFiles/mpi_rom.dir/workspace/pico-sdk/src/rp2_common/hardware_gpio/gpio.c.o
                0x100006f0                gpio_set_pulls
 .text.gpio_set_drive_strength
                0x10000718       0x20 CMakeFiles/mpi_rom.dir/workspace/pico-sdk/src/rp2_common/hardware_gpio/gpio.c.o
                0x10000718                gpio_set_drive_strength
 .text.gpio_set_input_enabled
                0x10000738       0x20 CMakeFiles/mpi_rom.dir/workspace/pico-sdk/src/rp2_common/hardware_gpio/gpio.c.o
                0x10000738                gpio_set_input_enabled
 .text.gpio_init
                0x10000758       0x48 CMakeFiles/mpi_rom.dir/workspace/pico-sdk/src/rp2_common/hardware_gpio/gpio.c.o
                0x10000758                gpio_init
 .text.panic    0x100007a0       0x30 CMakeFiles/mpi_rom.dir/workspace/pico-sdk/src/rp2_common/pico_platform_panic/panic.c.o
                0x100007a0                panic
 .text.hw_claim_lock
                0x100007d0       0x24 CMakeFiles/mpi_rom.dir/workspace/pico-sdk/src/common/hardware_claim/claim.c.o
                0x100007d0                hw_claim_lock
 .text.hw_claim_unlock
                0x100007f4       0x14 CMakeFiles/mpi_rom.dir/workspace/pico-sdk/src/common/hardware_claim/claim.c.o
                0x100007f4                hw_claim_unlock
 .text.hw_claim_or_assert
                0x10000808       0x58 CMakeFiles/mpi_rom.dir/workspace/pico-sdk/src/common/hardware_claim/claim.c.o
                0x10000808                hw_claim_or_assert
 .text.next_striped_spin_lock_num
                0x10000860       0x18 CMakeFiles/mpi_rom.dir/workspace/pico-sdk/src/rp2_common/hardware_sync/sync.c.o
                0x10000860                next_striped_spin_lock_num
 .text.spinlock_set_extexclall
                0x10000878       0x10 CMakeFiles/mpi_rom.dir/workspace/pico-sdk/src/rp2_common/hardware_sync_spin_lock/sync_spin_lock.c.o
 .text.spin_locks_reset
                0x10000888       0x18 CMakeFiles/mpi_rom.dir/workspace/pico-sdk/src/rp2_common/hardware_sync_spin_lock/sync_spin_lock.c.o
                0x10000888                spin_locks_reset
 .text.runtime_init_per_core_irq_priorities
                0x100008a0       0x40 CMakeFiles/mpi_rom.dir/workspace/pico-sdk/src/rp2_common/hardware_irq/irq.c.o
                0x100008a0                runtime_init_per_core_irq_priorities
 .text.irq_set_enabled
                0x100008e0       0x2c CMakeFiles/mpi_rom.dir/workspace/pico-sdk/src/rp2_common/hardware_irq/irq.c.o
                0x100008e0                irq_set_enabled
 .text.irq_is_enabled
                0x1000090c       0x20 CMakeFiles/mpi_rom.dir/workspace/pico-sdk/src/rp2_common/hardware_irq/irq.c.o
                0x1000090c                irq_is_enabled
 .text.irq_set_exclusive_handler
                0x1000092c       0x60 CMakeFiles/mpi_rom.dir/workspace/pico-sdk/src/rp2_common/hardware_irq/irq.c.o
                0x1000092c                irq_set_exclusive_handler
 .text.lock_init
                0x1000098c        0xc CMakeFiles/mpi_rom.dir/workspace/pico-sdk/src/common/pico_sync/lock_core.c.o
                0x1000098c                lock_init
 .text.runtime_init_mutex
                0x10000998       0x4c CMakeFiles/mpi_rom.dir/workspace/pico-sdk/src/common/pico_sync/mutex.c.o
                0x10000998                runtime_init_mutex
 .text.sleep_until_callback
                0x100009e4       0x3c CMakeFiles/mpi_rom.dir/workspace/pico-sdk/src/common/pico_time/time.c.o
 .text.alarm_pool_irq_handler
                0x10000a20      0x2f0 CMakeFiles/mpi_rom.dir/workspace/pico-sdk/src/common/pico_time/time.c.o
 .text.runtime_init_default_alarm_pool
                0x10000d10      0x100 CMakeFiles/mpi_rom.dir/workspace/pico-sdk/src/common/pico_time/time.c.o
                0x10000d10                runtime_init_default_alarm_pool
 .text.alarm_pool_add_alarm_at_force_in_context
                0x10000e10       0xc8 CMakeFiles/mpi_rom.dir/workspace/pico-sdk/src/common/pico_time/time.c.o
                0x10000e10                alarm_pool_add_alarm_at_force_in_context
 .text.alarm_pool_cancel_alarm
                0x10000ed8       0x80 CMakeFiles/mpi_rom.dir/workspace/pico-sdk/src/common/pico_time/time.c.o
                0x10000ed8                alarm_pool_cancel_alarm
 .text.sleep_until
                0x10000f58       0xbc CMakeFiles/mpi_rom.dir/workspace/pico-sdk/src/common/pico_time/time.c.o
                0x10000f58                sleep_until
 .text.sleep_ms
                0x10001014       0x2c CMakeFiles/mpi_rom.dir/workspace/pico-sdk/src/common/pico_time/time.c.o
                0x10001014                sleep_ms
 .text.best_effort_wfe_or_timeout
                0x10001040       0xbc CMakeFiles/mpi_rom.dir/workspace/pico-sdk/src/common/pico_time/time.c.o
                0x10001040                best_effort_wfe_or_timeout
 .text.timer_hardware_alarm_claim
                0x100010fc       0x24 CMakeFiles/mpi_rom.dir/workspace/pico-sdk/src/rp2_common/hardware_timer/timer.c.o
                0x100010fc                timer_hardware_alarm_claim
 .text.timer_time_us_64
                0x10001120       0x10 CMakeFiles/mpi_rom.dir/workspace/pico-sdk/src/rp2_common/hardware_timer/timer.c.o
                0x10001120                timer_time_us_64
 .text.time_us_64
                0x10001130       0x14 CMakeFiles/mpi_rom.dir/workspace/pico-sdk/src/rp2_common/hardware_timer/timer.c.o
                0x10001130                time_us_64
 .text.busy_wait_us
                0x10001144       0x64 CMakeFiles/mpi_rom.dir/workspace/pico-sdk/src/rp2_common/hardware_timer/timer.c.o
                0x10001144                busy_wait_us
 .text.busy_wait_until
                0x100011a8       0x24 CMakeFiles/mpi_rom.dir/workspace/pico-sdk/src/rp2_common/hardware_timer/timer.c.o
                0x100011a8                busy_wait_until
 .text.clock_configure_undivided
                0x100011cc       0xd0 CMakeFiles/mpi_rom.dir/workspace/pico-sdk/src/rp2_common/hardware_clocks/clocks.c.o
                0x100011cc                clock_configure_undivided
 .text.clock_get_hz
                0x1000129c        0xc CMakeFiles/mpi_rom.dir/workspace/pico-sdk/src/rp2_common/hardware_clocks/clocks.c.o
                0x1000129c                clock_get_hz
 .text.set_sys_clock_pll
                0x100012a8      0x184 CMakeFiles/mpi_rom.dir/workspace/pico-sdk/src/rp2_common/hardware_clocks/clocks.c.o
                0x100012a8                set_sys_clock_pll
 .text.check_sys_clock_khz
                0x1000142c      0x19c CMakeFiles/mpi_rom.dir/workspace/pico-sdk/src/rp2_common/hardware_clocks/clocks.c.o
                0x1000142c                check_sys_clock_khz
 .text.pll_init
                0x100015c8       0x8c CMakeFiles/mpi_rom.dir/workspace/pico-sdk/src/rp2_common/hardware_pll/pll.c.o
                0x100015c8                pll_init
 .text.tick_start
                0x10001654       0x18 CMakeFiles/mpi_rom.dir/workspace/pico-sdk/src/rp2_common/hardware_ticks/ticks.c.o
                0x10001654                tick_start
 .text.rom_reboot.constprop.0.isra.0
                0x1000166c       0x34 CMakeFiles/mpi_rom.dir/workspace/pico-sdk/src/rp2_common/pico_bootrom/bootrom.c.o
 .text.rom_func_lookup
                0x100016a0       0x18 CMakeFiles/mpi_rom.dir/workspace/pico-sdk/src/rp2_common/pico_bootrom/bootrom.c.o
                0x100016a0                rom_func_lookup
 .text.rom_reset_usb_boot
                0x100016b8       0x1c CMakeFiles/mpi_rom.dir/workspace/pico-sdk/src/rp2_common/pico_bootrom/bootrom.c.o
                0x100016b8                rom_reset_usb_boot
 .text.runtime_init_bootrom_locking_enable
                0x100016d4       0x14 CMakeFiles/mpi_rom.dir/workspace/pico-sdk/src/rp2_common/pico_bootrom/bootrom_lock.c.o
                0x100016d4                runtime_init_bootrom_locking_enable
 .text.runtime_init_boot_locks_reset
                0x100016e8       0x1c CMakeFiles/mpi_rom.dir/workspace/pico-sdk/src/rp2_common/hardware_boot_lock/boot_lock.c.o
                0x100016e8                runtime_init_boot_locks_reset
 .text.xosc_init
                0x10001704       0x30 CMakeFiles/mpi_rom.dir/workspace/pico-sdk/src/rp2_common/hardware_xosc/xosc.c.o
                0x10001704                xosc_init
 .text.first_per_core_initializer
                0x10001734        0x4 CMakeFiles/mpi_rom.dir/workspace/pico-sdk/src/rp2_common/pico_runtime/runtime.c.o
 .text.hard_assertion_failure
                0x10001738        0xc CMakeFiles/mpi_rom.dir/workspace/pico-sdk/src/rp2_common/pico_runtime/runtime.c.o
                0x10001738                hard_assertion_failure
 .text.runtime_run_initializers
                0x10001744       0x20 CMakeFiles/mpi_rom.dir/workspace/pico-sdk/src/rp2_common/pico_runtime/runtime.c.o
                0x10001744                runtime_run_initializers
 .text.runtime_run_per_core_initializers
                0x10001764       0x20 CMakeFiles/mpi_rom.dir/workspace/pico-sdk/src/rp2_common/pico_runtime/runtime.c.o
                0x10001764                runtime_run_per_core_initializers
 .text.runtime_init_early_resets
                0x10001784       0x34 CMakeFiles/mpi_rom.dir/workspace/pico-sdk/src/rp2_common/pico_runtime_init/runtime_init.c.o
                0x10001784                runtime_init_early_resets
 .text.runtime_init_usb_power_down
                0x100017b8       0x1c CMakeFiles/mpi_rom.dir/workspace/pico-sdk/src/rp2_common/pico_runtime_init/runtime_init.c.o
                0x100017b8                runtime_init_usb_power_down
 .text.runtime_init_per_core_enable_coprocessors
                0x100017d4       0x1c CMakeFiles/mpi_rom.dir/workspace/pico-sdk/src/rp2_common/pico_runtime_init/runtime_init.c.o
                0x100017d4                runtime_init_per_core_enable_coprocessors
 .text.runtime_init_post_clock_resets
                0x100017f0       0x20 CMakeFiles/mpi_rom.dir/workspace/pico-sdk/src/rp2_common/pico_runtime_init/runtime_init.c.o
                0x100017f0                runtime_init_post_clock_resets
 .text.runtime_init_bootrom_reset
                0x10001810       0x14 CMakeFiles/mpi_rom.dir/workspace/pico-sdk/src/rp2_common/pico_runtime_init/runtime_init.c.o
                0x10001810                runtime_init_bootrom_reset
 .text.runtime_init_per_core_bootrom_reset
                0x10001824       0x14 CMakeFiles/mpi_rom.dir/workspace/pico-sdk/src/rp2_common/pico_runtime_init/runtime_init.c.o
                0x10001824                runtime_init_per_core_bootrom_reset
 .text.runtime_init_spin_locks_reset
                0x10001838        0x4 CMakeFiles/mpi_rom.dir/workspace/pico-sdk/src/rp2_common/pico_runtime_init/runtime_init.c.o
                0x10001838                runtime_init_spin_locks_reset
 .text.runtime_init_install_ram_vector_table
                0x1000183c       0x20 CMakeFiles/mpi_rom.dir/workspace/pico-sdk/src/rp2_common/pico_runtime_init/runtime_init.c.o
                0x1000183c                runtime_init_install_ram_vector_table
 .text.runtime_init_clocks
                0x1000185c       0xdc CMakeFiles/mpi_rom.dir/workspace/pico-sdk/src/rp2_common/pico_runtime_init/runtime_init_clocks.c.o
                0x1000185c                runtime_init_clocks
 .text._out_char
                0x10001938        0x8 CMakeFiles/mpi_rom.dir/workspace/pico-sdk/src/rp2_common/pico_printf/printf.c.o
 .text.weak_raw_vprintf
                0x10001940       0x30 CMakeFiles/mpi_rom.dir/workspace/pico-sdk/src/rp2_common/pico_printf/printf.c.o
                0x10001940                weak_raw_vprintf
 .text._exit    0x10001970        0x4 CMakeFiles/mpi_rom.dir/workspace/pico-sdk/src/rp2_common/pico_clib_interface/newlib_interface.c.o
                0x10001970                _exit
 .text.exit     0x10001974        0x8 CMakeFiles/mpi_rom.dir/workspace/pico-sdk/src/rp2_common/pico_clib_interface/newlib_interface.c.o
                0x10001974                exit
 .text.runtime_init
                0x1000197c       0x24 CMakeFiles/mpi_rom.dir/workspace/pico-sdk/src/rp2_common/pico_clib_interface/newlib_interface.c.o
                0x1000197c                runtime_init
 .text.stdio_out_chars_no_crlf
                0x100019a0        0x8 CMakeFiles/mpi_rom.dir/workspace/pico-sdk/src/rp2_common/pico_stdio/stdio.c.o
 .text.stdio_out_chars_crlf
                0x100019a8       0xac CMakeFiles/mpi_rom.dir/workspace/pico-sdk/src/rp2_common/pico_stdio/stdio.c.o
 .text.stdio_put_string
                0x10001a54       0xf0 CMakeFiles/mpi_rom.dir/workspace/pico-sdk/src/rp2_common/pico_stdio/stdio.c.o
                0x10001a54                stdio_put_string
 .text.__wrap_putchar
                0x10001b44       0x84 CMakeFiles/mpi_rom.dir/workspace/pico-sdk/src/rp2_common/pico_stdio/stdio.c.o
                0x10001b44                stdio_putchar
                0x10001b44                __wrap_putchar
 .text.__wrap_puts
                0x10001bc8       0x3c CMakeFiles/mpi_rom.dir/workspace/pico-sdk/src/rp2_common/pico_stdio/stdio.c.o
                0x10001bc8                __wrap_puts
                0x10001bc8                stdio_puts
 .text.core1_trampoline
                0x10001c04        0x4 CMakeFiles/mpi_rom.dir/workspace/pico-sdk/src/rp2_common/pico_multicore/multicore.c.o
 .text.core1_wrapper
                0x10001c08       0x10 CMakeFiles/mpi_rom.dir/workspace/pico-sdk/src/rp2_common/pico_multicore/multicore.c.o
                0x10001c08                core1_wrapper
 .text.multicore_launch_core1_raw
                0x10001c18       0x88 CMakeFiles/mpi_rom.dir/workspace/pico-sdk/src/rp2_common/pico_multicore/multicore.c.o
                0x10001c18                multicore_launch_core1_raw
 .text.multicore_launch_core1
                0x10001ca0       0x48 CMakeFiles/mpi_rom.dir/workspace/pico-sdk/src/rp2_common/pico_multicore/multicore.c.o
                0x10001ca0                multicore_launch_core1
 .text.pio_add_program
                0x10001ce8       0xf8 CMakeFiles/mpi_rom.dir/workspace/pico-sdk/src/rp2_common/hardware_pio/pio.c.o
                0x10001ce8                pio_add_program
 .text.pio_sm_set_pindirs_with_mask
                0x10001de0       0x6c CMakeFiles/mpi_rom.dir/workspace/pico-sdk/src/rp2_common/hardware_pio/pio.c.o
                0x10001de0                pio_sm_set_pindirs_with_mask
 .text.pio_sm_init
                0x10001e4c       0xa8 CMakeFiles/mpi_rom.dir/workspace/pico-sdk/src/rp2_common/hardware_pio/pio.c.o
                0x10001e4c                pio_sm_init
 .text          0x10001ef4       0xa4 /usr/lib/gcc/arm-none-eabi/13.2.1/../../../arm-none-eabi/lib/thumb/v8-m.main+fp/softfp/libg.a(libc_a-memset.o)
                0x10001ef4                memset
 .text          0x10001f98       0xec /usr/lib/gcc/arm-none-eabi/13.2.1/../../../arm-none-eabi/lib/thumb/v8-m.main+fp/softfp/libg.a(libc_a-memcpy.o)
                0x10001f98                memcpy
 .text          0x10002084        0xc /usr/lib/gcc/arm-none-eabi/13.2.1/../../../arm-none-eabi/lib/thumb/v8-m.main+fp/softfp/libg.a(libc_a-atexit.o)
                0x10002084                atexit
 .text          0x10002090       0x5c /usr/lib/gcc/arm-none-eabi/13.2.1/../../../arm-none-eabi/lib/thumb/v8-m.main+fp/softfp/libg.a(libc_a-strlen-stub.o)
                0x10002090                strlen
 .text          0x100020ec       0x28 /usr/lib/gcc/arm-none-eabi/13.2.1/../../../arm-none-eabi/lib/thumb/v8-m.main+fp/softfp/libg.a(libc_a-fini.o)
                0x100020ec                __libc_fini_array
 .text          0x10002114       0x64 /usr/lib/gcc/arm-none-eabi/13.2.1/../../../arm-none-eabi/lib/thumb/v8-m.main+fp/softfp/libg.a(libc_a-__atexit.o)
                0x10002114                __register_exitproc
 .text.startup  0x10002178       0x14 /usr/lib/gcc/arm-none-eabi/13.2.1/../../../arm-none-eabi/lib/thumb/v8-m.main+fp/softfp/libg.a(libc_a-__call_atexit.o)
 *(.fini)
 .fini          0x1000218c        0x4 /usr/lib/gcc/arm-none-eabi/13.2.1/thumb/v8-m.main+fp/softfp/crti.o
                0x1000218c                _fini
 .fini.__stub   0x10002190       0x10 linker stubs
 *crtbegin.o(.ctors)
 *crtbegin?.o(.ctors)
 *(EXCLUDE_FILE(*crtend.o *crtend?.o) .ctors)
 *(SORT_BY_NAME(.ctors.*))
 *(.ctors)
 *crtbegin.o(.dtors)
 *crtbegin?.o(.dtors)
 *(EXCLUDE_FILE(*crtend.o *crtend?.o) .dtors)
 *(SORT_BY_NAME(.dtors.*))
 *(.dtors)
                0x100021a0                        . = ALIGN (0x4)
                0x100021a0                        PROVIDE (__preinit_array_start = .)
 *(SORT_BY_NAME(.preinit_array.*))
 .preinit_array.00050
                0x100021a0        0x4 CMakeFiles/mpi_rom.dir/workspace/pico-sdk/src/rp2_common/pico_runtime_init/runtime_init.c.o
                0x100021a0                __pre_init_runtime_init_bootrom_reset
 .preinit_array.00100
                0x100021a4        0x4 CMakeFiles/mpi_rom.dir/workspace/pico-sdk/src/rp2_common/pico_runtime_init/runtime_init.c.o
                0x100021a4                __pre_init_runtime_init_early_resets
 .preinit_array.00101
                0x100021a8        0x4 CMakeFiles/mpi_rom.dir/workspace/pico-sdk/src/rp2_common/pico_runtime_init/runtime_init.c.o
                0x100021a8                __pre_init_runtime_init_usb_power_down
 .preinit_array.00500
                0x100021ac        0x4 CMakeFiles/mpi_rom.dir/workspace/pico-sdk/src/rp2_common/pico_runtime_init/runtime_init.c.o
                0x100021ac                __pre_init_runtime_init_clocks
 .preinit_array.00600
                0x100021b0        0x4 CMakeFiles/mpi_rom.dir/workspace/pico-sdk/src/rp2_common/pico_runtime_init/runtime_init.c.o
                0x100021b0                __pre_init_runtime_init_post_clock_resets
 .preinit_array.01000
                0x100021b4        0x4 CMakeFiles/mpi_rom.dir/workspace/pico-sdk/src/rp2_common/hardware_boot_lock/boot_lock.c.o
                0x100021b4                __pre_init_runtime_init_boot_locks_reset
 .preinit_array.01000
                0x100021b8        0x4 CMakeFiles/mpi_rom.dir/workspace/pico-sdk/src/rp2_common/pico_runtime_init/runtime_init.c.o
                0x100021b8                __pre_init_runtime_init_spin_locks_reset
 .preinit_array.01010
                0x100021bc        0x4 CMakeFiles/mpi_rom.dir/workspace/pico-sdk/src/rp2_common/pico_bootrom/bootrom_lock.c.o
                0x100021bc                __pre_init_runtime_init_bootrom_locking_enable
 .preinit_array.01100
                0x100021c0        0x4 CMakeFiles/mpi_rom.dir/workspace/pico-sdk/src/common/pico_sync/mutex.c.o
                0x100021c0                __pre_init_runtime_init_mutex
 .preinit_array.10080
                0x100021c4        0x4 CMakeFiles/mpi_rom.dir/workspace/pico-sdk/src/rp2_common/pico_runtime_init/runtime_init.c.o
                0x100021c4                __pre_init_runtime_init_install_ram_vector_table
 .preinit_array.11000
                0x100021c8        0x4 CMakeFiles/mpi_rom.dir/workspace/pico-sdk/src/common/pico_time/time.c.o
                0x100021c8                __pre_init_runtime_init_default_alarm_pool
 .preinit_array.YYYYY
                0x100021cc        0x4 CMakeFiles/mpi_rom.dir/workspace/pico-sdk/src/rp2_common/pico_runtime/runtime.c.o
                0x100021cc                __pre_init_first_per_core_initializer
 .preinit_array.ZZZZZ.00051
                0x100021d0        0x4 CMakeFiles/mpi_rom.dir/workspace/pico-sdk/src/rp2_common/pico_runtime_init/runtime_init.c.o
                0x100021d0                __pre_init_runtime_init_per_core_bootrom_reset
 .preinit_array.ZZZZZ.00200
                0x100021d4        0x4 CMakeFiles/mpi_rom.dir/workspace/pico-sdk/src/rp2_common/pico_runtime_init/runtime_init.c.o
                0x100021d4                __pre_init_runtime_init_per_core_enable_coprocessors
 .preinit_array.ZZZZZ.01000
                0x100021d8        0x4 CMakeFiles/mpi_rom.dir/workspace/pico-sdk/src/rp2_common/hardware_sync_spin_lock/sync_spin_lock.c.o
                0x100021d8                __pre_init_spinlock_set_extexclall
 .preinit_array.ZZZZZ.01200
                0x100021dc        0x4 CMakeFiles/mpi_rom.dir/workspace/pico-sdk/src/rp2_common/hardware_irq/irq.c.o
                0x100021dc                __pre_init_runtime_init_per_core_irq_priorities
 *(.preinit_array)
                0x100021e0                        PROVIDE (__preinit_array_end = .)
                0x100021e0                        . = ALIGN (0x4)
                0x100021e0                        PROVIDE (__init_array_start = .)
 *(SORT_BY_NAME(.init_array.*))
 .init_array.00000
                0x100021e0        0x4 /usr/lib/gcc/arm-none-eabi/13.2.1/../../../arm-none-eabi/lib/thumb/v8-m.main+fp/softfp/libg.a(libc_a-__call_atexit.o)
 *(.init_array)
 .init_array    0x100021e4        0x4 /usr/lib/gcc/arm-none-eabi/13.2.1/thumb/v8-m.main+fp/softfp/crtbegin.o
                0x100021e8                        PROVIDE (__init_array_end = .)
                0x100021e8                        . = ALIGN (0x4)
                0x100021e8                        PROVIDE (__fini_array_start = .)
 *(SORT_BY_NAME(.fini_array.*))
 *(.fini_array)
                0x100021e8                        PROVIDE (__fini_array_end = .)
 *(.eh_frame*)
 .eh_frame      0x100021e8        0x0 /usr/lib/gcc/arm-none-eabi/13.2.1/thumb/v8-m.main+fp/softfp/crtbegin.o
                0x100021e8                        . = ALIGN (0x4)

.glue_7         0x100021e8        0x0
 .glue_7        0x100021e8        0x0 linker stubs

.glue_7t        0x100021e8        0x0
 .glue_7t       0x100021e8        0x0 linker stubs

.vfp11_veneer   0x100021e8        0x0
 .vfp11_veneer  0x100021e8        0x0 linker stubs

.v4_bx          0x100021e8        0x0
 .v4_bx         0x100021e8        0x0 linker stubs

.iplt           0x100021e8        0x0
 .iplt          0x100021e8        0x0 /usr/lib/gcc/arm-none-eabi/13.2.1/thumb/v8-m.main+fp/softfp/crtbegin.o

.boot2          0x100021e8        0x0
                0x100021e8                        __boot2_start__ = .
 *(.boot2)
                0x100021e8                        __boot2_end__ = .
                0x00000001                        ASSERT (((__boot2_end__ - __boot2_start__) <= 0x100), ERROR: Pico second stage bootloader must be no more than 256 bytes in size)

.rodata         0x100021e8     0x81b8
 *(EXCLUDE_FILE(*libm.a: *libc.a:*lib_a-mem*.o *libgcc.a:) .rodata*)
 .rodata.main.str1.4
                0x100021e8       0xe8 CMakeFiles/mpi_rom.dir/main.c.o
                                 0x32 (size before relaxing)
 .rodata.mpi_respond_program
                0x100022d0        0x8 CMakeFiles/mpi_rom.dir/main.c.o
 .rodata.mpi_respond_program_instructions
                0x100022d8       0x1c CMakeFiles/mpi_rom.dir/main.c.o
 .rodata.mpi_capture_program
                0x100022f4        0x8 CMakeFiles/mpi_rom.dir/main.c.o
 .rodata.mpi_capture_program_instructions
                0x100022fc        0x6 CMakeFiles/mpi_rom.dir/main.c.o
 *fill*         0x10002302        0x2 
 .rodata.g_ad_gpio
                0x10002304       0x10 CMakeFiles/mpi_rom.dir/decode.c.o
 .rodata.mpi_image_count
                0x10002314        0x4 CMakeFiles/mpi_rom.dir/rom_images.c.o
                0x10002314                mpi_image_count
 .rodata.str1.4
                0x10002318       0x2f CMakeFiles/mpi_rom.dir/rom_images.c.o
 .rodata.mpi_images
                0x10002318       0x30 CMakeFiles/mpi_rom.dir/rom_images.c.o
                0x10002318                mpi_images
 .rodata.img_re2_208_mc0511
                0x10002348     0x2000 CMakeFiles/mpi_rom.dir/rom_images.c.o
 .rodata.img_re2_207_mc0511
                0x10004348     0x2000 CMakeFiles/mpi_rom.dir/rom_images.c.o
 .rodata.img_re2_206_mc0511
                0x10006348     0x2000 CMakeFiles/mpi_rom.dir/rom_images.c.o
 .rodata.img_re2_205_mc0511
                0x10008348     0x2000 CMakeFiles/mpi_rom.dir/rom_images.c.o
 .rodata.panic.str1.4
                0x1000a348       0x12 CMakeFiles/mpi_rom.dir/workspace/pico-sdk/src/rp2_common/pico_platform_panic/panic.c.o
 .rodata.timer_hardware_alarm_claim.str1.4
                0x1000a348       0x22 CMakeFiles/mpi_rom.dir/workspace/pico-sdk/src/rp2_common/hardware_timer/timer.c.o
 .rodata.hard_assertion_failure.str1.4
                0x1000a348        0xc CMakeFiles/mpi_rom.dir/workspace/pico-sdk/src/rp2_common/pico_runtime/runtime.c.o
 .rodata.str1.4
                0x1000a348       0x3c CMakeFiles/mpi_rom.dir/workspace/pico-sdk/src/rp2_common/pico_standard_binary_info/standard_binary_info.c.o
 .rodata.__bi_84
                0x1000a348        0xc CMakeFiles/mpi_rom.dir/workspace/pico-sdk/src/rp2_common/pico_standard_binary_info/standard_binary_info.c.o
 .rodata.__bi_78
                0x1000a354        0xc CMakeFiles/mpi_rom.dir/workspace/pico-sdk/src/rp2_common/pico_standard_binary_info/standard_binary_info.c.o
 .rodata.__bi_54
                0x1000a360        0xc CMakeFiles/mpi_rom.dir/workspace/pico-sdk/src/rp2_common/pico_standard_binary_info/standard_binary_info.c.o
 .rodata.__bi_48
                0x1000a36c        0xc CMakeFiles/mpi_rom.dir/workspace/pico-sdk/src/rp2_common/pico_standard_binary_info/standard_binary_info.c.o
 .rodata.__bi_42
                0x1000a378        0xc CMakeFiles/mpi_rom.dir/workspace/pico-sdk/src/rp2_common/pico_standard_binary_info/standard_binary_info.c.o
 .rodata.__bi_34
                0x1000a384        0xc CMakeFiles/mpi_rom.dir/workspace/pico-sdk/src/rp2_common/pico_standard_binary_info/standard_binary_info.c.o
 .rodata.__bi_26
                0x1000a390        0xc CMakeFiles/mpi_rom.dir/workspace/pico-sdk/src/rp2_common/pico_standard_binary_info/standard_binary_info.c.o
 .rodata.crlf_str.0
                0x1000a39c        0x2 CMakeFiles/mpi_rom.dir/workspace/pico-sdk/src/rp2_common/pico_stdio/stdio.c.o
 *(.srodata*)
                0x1000a3a0                        . = ALIGN (0x4)
 *fill*         0x1000a39e        0x2 
 *(SORT_BY_ALIGNMENT(SORT_BY_NAME(.flashdata*)))
                0x1000a3a0                        . = ALIGN (0x4)

.ARM.extab
 *(.ARM.extab* .gnu.linkonce.armextab.*)
                0x1000a3a0                        __exidx_start = .

.ARM.exidx      0x1000a3a0        0x8
 *(.ARM.exidx* .gnu.linkonce.armexidx.*)
 .ARM.exidx     0x1000a3a0        0x8 /usr/lib/gcc/arm-none-eabi/13.2.1/../../../arm-none-eabi/lib/thumb/v8-m.main+fp/softfp/libg.a(libc_a-memcpy.o)
                0x1000a3a8                        __exidx_end = .
                0x1000a3a8                        . = ALIGN (0x4)
                0x1000a3a8                        __binary_info_start = .

.binary_info    0x1000a3a8       0x1c
 *(.binary_info.keep.*)
 .binary_info.keep.__bi_ptr84
                0x1000a3a8        0x4 CMakeFiles/mpi_rom.dir/workspace/pico-sdk/src/rp2_common/pico_standard_binary_info/standard_binary_info.c.o
 .binary_info.keep.__bi_ptr78
                0x1000a3ac        0x4 CMakeFiles/mpi_rom.dir/workspace/pico-sdk/src/rp2_common/pico_standard_binary_info/standard_binary_info.c.o
 .binary_info.keep.__bi_ptr54
                0x1000a3b0        0x4 CMakeFiles/mpi_rom.dir/workspace/pico-sdk/src/rp2_common/pico_standard_binary_info/standard_binary_info.c.o
 .binary_info.keep.__bi_ptr48
                0x1000a3b4        0x4 CMakeFiles/mpi_rom.dir/workspace/pico-sdk/src/rp2_common/pico_standard_binary_info/standard_binary_info.c.o
 .binary_info.keep.__bi_ptr42
                0x1000a3b8        0x4 CMakeFiles/mpi_rom.dir/workspace/pico-sdk/src/rp2_common/pico_standard_binary_info/standard_binary_info.c.o
 .binary_info.keep.__bi_ptr34
                0x1000a3bc        0x4 CMakeFiles/mpi_rom.dir/workspace/pico-sdk/src/rp2_common/pico_standard_binary_info/standard_binary_info.c.o
 .binary_info.keep.__bi_ptr26
                0x1000a3c0        0x4 CMakeFiles/mpi_rom.dir/workspace/pico-sdk/src/rp2_common/pico_standard_binary_info/standard_binary_info.c.o
 *(.binary_info.*)
                0x1000a3c4                        __binary_info_end = .
                0x1000a3c4                        . = ALIGN (0x4)

.ram_vector_table
                0x20000000      0x110
 *(.ram_vector_table)
 .ram_vector_table
                0x20000000      0x110 CMakeFiles/mpi_rom.dir/workspace/pico-sdk/src/rp2_common/pico_runtime_init/runtime_init.c.o
                0x20000000                ram_vector_table

.uninitialized_data
                0x20000110        0x0
                0x20000110                        . = ALIGN (0x4)
 *(.uninitialized_data*)

.data           0x20000110      0x24c load address 0x1000a3c4
                0x20000110                        __data_start__ = .
 *(vtable)
 *(.time_critical*)
 .time_critical.serve_forever
                0x20000110       0xfc CMakeFiles/mpi_rom.dir/main.c.o
 .time_critical.mutex_enter_block_until
                0x2000020c       0x70 CMakeFiles/mpi_rom.dir/workspace/pico-sdk/src/common/pico_sync/mutex.c.o
                0x2000020c                mutex_enter_block_until
 .time_critical.mutex_try_enter_block_until
                0x2000027c       0x6c CMakeFiles/mpi_rom.dir/workspace/pico-sdk/src/common/pico_sync/mutex.c.o
                0x2000027c                mutex_try_enter_block_until
 .time_critical.mutex_exit
                0x200002e8       0x3c CMakeFiles/mpi_rom.dir/workspace/pico-sdk/src/common/pico_sync/mutex.c.o
                0x200002e8                mutex_exit
 *fill*         0x20000324        0x4 
 .time_critical.mutex_exit.__stub
                0x20000328        0x8 linker stubs
 *(.text*)
                0x20000330                        . = ALIGN (0x4)
 *(.rodata*)
                0x20000330                        . = ALIGN (0x4)
 *(.data*)
 .data.striped_spin_lock_num
                0x20000330        0x1 CMakeFiles/mpi_rom.dir/workspace/pico-sdk/src/rp2_common/hardware_sync/sync.c.o
 *fill*         0x20000331        0x3 
 .data.default_alarm_pool
                0x20000334       0x18 CMakeFiles/mpi_rom.dir/workspace/pico-sdk/src/common/pico_time/time.c.o
 *(.sdata*)
                0x2000034c                        . = ALIGN (0x4)
 *(.after_data.*)
                0x2000034c                        . = ALIGN (0x4)
                0x2000034c                        PROVIDE (__mutex_array_start = .)
 *(SORT_BY_NAME(.mutex_array.*))
 *(.mutex_array)
 .mutex_array   0x2000034c        0x8 CMakeFiles/mpi_rom.dir/workspace/pico-sdk/src/rp2_common/pico_malloc/malloc.c.o
 .mutex_array   0x20000354        0x8 CMakeFiles/mpi_rom.dir/workspace/pico-sdk/src/rp2_common/pico_stdio/stdio.c.o
                0x2000035c                        PROVIDE (__mutex_array_end = .)
 *(.jcr)
                0x2000035c                        . = ALIGN (0x4)

.tm_clone_table
                0x2000035c        0x0 load address 0x1000a610
 .tm_clone_table
                0x2000035c        0x0 /usr/lib/gcc/arm-none-eabi/13.2.1/thumb/v8-m.main+fp/softfp/crtbegin.o
 .tm_clone_table
                0x2000035c        0x0 /usr/lib/gcc/arm-none-eabi/13.2.1/thumb/v8-m.main+fp/softfp/crtend.o

.igot.plt       0x2000035c        0x0 load address 0x1000a610
 .igot.plt      0x2000035c        0x0 /usr/lib/gcc/arm-none-eabi/13.2.1/thumb/v8-m.main+fp/softfp/crtbegin.o

.tdata          0x2000035c        0x0 load address 0x1000a610
                0x2000035c                        . = ALIGN (0x4)
 *(.tdata .tdata.* .gnu.linkonce.td.*)
                0x2000035c                        __tdata_end = .
                0x2000035c                        PROVIDE (__data_end__ = .)
                0x1000a3c4                        __etext = LOADADDR (.data)

.tbss           0x2000035c        0x0 load address 0x1000a610
                0x2000035c                        . = ALIGN (0x4)
                0x2000035c                        __bss_start__ = .
                0x2000035c                        __tls_base = .
 *(.tbss .tbss.* .gnu.linkonce.tb.*)
 *(.tcommon)
                0x2000035c                        __tls_end = .

.bss            0x20000360    0x20a00 load address 0x1000a610
                0x20000360                        . = ALIGN (0x4)
                0x20000360                        __tbss_end = .
 *(SORT_BY_ALIGNMENT(SORT_BY_NAME(.bss*)))
 .bss.default_alarm_pool_entries
                0x20000360      0x180 CMakeFiles/mpi_rom.dir/workspace/pico-sdk/src/common/pico_time/time.c.o
 .bss           0x200004e0       0x1c /usr/lib/gcc/arm-none-eabi/13.2.1/thumb/v8-m.main+fp/softfp/crtbegin.o
 .bss           0x200004fc      0x190 /usr/lib/gcc/arm-none-eabi/13.2.1/../../../arm-none-eabi/lib/thumb/v8-m.main+fp/softfp/libg.a(libc_a-__atexit.o)
                0x200004fc                __atexit0
 .bss           0x2000068c        0x4 /usr/lib/gcc/arm-none-eabi/13.2.1/../../../arm-none-eabi/lib/thumb/v8-m.main+fp/softfp/libg.a(libc_a-__call_atexit.o)
                0x2000068c                __atexit
 .bss._sw_spin_locks
                0x20000690       0x20 CMakeFiles/mpi_rom.dir/workspace/pico-sdk/src/rp2_common/hardware_sync_spin_lock/sync_spin_lock.c.o
                0x20000690                _sw_spin_locks
 .bss._used_instruction_space
                0x200006b0        0xc CMakeFiles/mpi_rom.dir/workspace/pico-sdk/src/rp2_common/hardware_pio/pio.c.o
 .bss.claimed   0x200006bc        0x2 CMakeFiles/mpi_rom.dir/workspace/pico-sdk/src/rp2_common/hardware_timer/timer.c.o
 *fill*         0x200006be        0x2 
 .bss.configured_freq
                0x200006c0       0x28 CMakeFiles/mpi_rom.dir/workspace/pico-sdk/src/rp2_common/hardware_clocks/clocks.c.o
 .bss.drivers   0x200006e8        0x4 CMakeFiles/mpi_rom.dir/workspace/pico-sdk/src/rp2_common/pico_stdio/stdio.c.o
 .bss.filter    0x200006ec        0x4 CMakeFiles/mpi_rom.dir/workspace/pico-sdk/src/rp2_common/pico_stdio/stdio.c.o
 .bss.g_dec     0x200006f0      0x630 CMakeFiles/mpi_rom.dir/main.c.o
 .bss.g_dirs_ad
                0x20000d20        0x4 CMakeFiles/mpi_rom.dir/main.c.o
 .bss.g_dirs_ad_rply
                0x20000d24        0x4 CMakeFiles/mpi_rom.dir/main.c.o
 .bss.g_missed  0x20000d28        0x4 CMakeFiles/mpi_rom.dir/main.c.o
 .bss.g_off_capture
                0x20000d2c        0x4 CMakeFiles/mpi_rom.dir/main.c.o
 .bss.g_off_respond
                0x20000d30        0x4 CMakeFiles/mpi_rom.dir/main.c.o
 .bss.g_served  0x20000d34        0x4 CMakeFiles/mpi_rom.dir/main.c.o
 .bss.g_window_store
                0x20000d38    0x20000 CMakeFiles/mpi_rom.dir/main.c.o
 .bss.lazy_vsnprintf
                0x20020d38        0x4 CMakeFiles/mpi_rom.dir/workspace/pico-sdk/src/rp2_common/pico_printf/printf.c.o
 .bss.pools     0x20020d3c       0x20 CMakeFiles/mpi_rom.dir/workspace/pico-sdk/src/common/pico_time/time.c.o
 .bss.sleep_notifier
                0x20020d5c        0x4 CMakeFiles/mpi_rom.dir/workspace/pico-sdk/src/common/pico_time/time.c.o
 *(COMMON)
                [!provide]                        PROVIDE (__global_pointer$ = (. + 0x800))
 *(.sbss*)
                0x20020d60                        . = ALIGN (0x4)
                0x20020d60                        __bss_end__ = .

.heap           0x20020d60      0x800 load address 0x1000a610
                0x20020d60                        __end__ = .
                0x20020d60                        end = __end__
 *(.heap*)
 .heap          0x20020d60      0x800 CMakeFiles/mpi_rom.dir/workspace/pico-sdk/src/rp2_common/pico_crt0/crt0.S.o
                0x20080000                        __HeapLimit = (ORIGIN (RAM) + LENGTH (RAM))

.scratch_x      0x20080000        0x0 load address 0x1000a610
                0x20080000                        __scratch_x_start__ = .
 *(.scratch_x.*)
                0x20080000                        . = ALIGN (0x4)
                0x20080000                        __scratch_x_end__ = .
                0x1000a610                        __scratch_x_source__ = LOADADDR (.scratch_x)

.scratch_y      0x20081000        0x0 load address 0x1000a610
                0x20081000                        __scratch_y_start__ = .
 *(.scratch_y.*)
                0x20081000                        . = ALIGN (0x4)
                0x20081000                        __scratch_y_end__ = .
                0x1000a610                        __scratch_y_source__ = LOADADDR (.scratch_y)

.stack1_dummy   0x20080000      0x800
 *(.stack1*)
 .stack1        0x20080000      0x800 CMakeFiles/mpi_rom.dir/workspace/pico-sdk/src/rp2_common/pico_multicore/multicore.c.o

.stack_dummy    0x20081000      0x800
 *(.stack*)
 .stack         0x20081000      0x800 CMakeFiles/mpi_rom.dir/workspace/pico-sdk/src/rp2_common/pico_crt0/crt0.S.o

.flash_end      0x1000a610       0x14
 *(.embedded_end_block*)
 .embedded_end_block
                0x1000a610       0x14 CMakeFiles/mpi_rom.dir/workspace/pico-sdk/src/rp2_common/pico_crt0/crt0.S.o
                0x1000a624                        PROVIDE (__flash_binary_end = .)
                0x20080000                        __StackLimit = (ORIGIN (RAM) + LENGTH (RAM))
                0x20081000                        __StackOneTop = (ORIGIN (SCRATCH_X) + LENGTH (SCRATCH_X))
                0x20082000                        __StackTop = (ORIGIN (SCRATCH_Y) + LENGTH (SCRATCH_Y))
                0x20080800                        __StackOneBottom = (__StackOneTop - SIZEOF (.stack1_dummy))
                0x20081800                        __StackBottom = (__StackTop - SIZEOF (.stack_dummy))
                0x20082000                        PROVIDE (__stack = __StackTop)
                [!provide]                        PROVIDE (__heap_start = __end__)
                [!provide]                        PROVIDE (__heap_end = __HeapLimit)
                [!provide]                        PROVIDE (__tls_align = MAX (ALIGNOF (.tdata), ALIGNOF (.tbss)))
                [!provide]                        PROVIDE (__tls_size_align = (((__tls_size + __tls_align) - 0x1) & ~ ((__tls_align - 0x1))))
                [!provide]                        PROVIDE (__arm32_tls_tcb_offset = MAX (0x8, __tls_align))
                [!provide]                        PROVIDE (_end = __end__)
                [!provide]                        PROVIDE (__llvm_libc_heap_limit = __HeapLimit)
                0x00000001                        ASSERT ((__StackLimit >= __HeapLimit), region RAM overflowed)
                0x00000001                        ASSERT (((__binary_info_header_end - __logical_binary_start) <= 0x400), Binary info must be in first 1024 bytes of the binary)
                0x00000001                        ASSERT (((__embedded_block_end - __logical_binary_start) <= 0x1000), Embedded block must be in first 4096 bytes of the binary)
LOAD CMakeFiles/mpi_rom.dir/main.c.o
LOAD CMakeFiles/mpi_rom.dir/decode.c.o
LOAD CMakeFiles/mpi_rom.dir/rom_images.c.o
LOAD CMakeFiles/mpi_rom.dir/workspace/pico-sdk/src/rp2_common/pico_stdlib/stdlib.c.o
LOAD CMakeFiles/mpi_rom.dir/workspace/pico-sdk/src/rp2_common/hardware_gpio/gpio.c.o
LOAD CMakeFiles/mpi_rom.dir/workspace/pico-sdk/src/rp2350/pico_platform/platform.c.o
LOAD CMakeFiles/mpi_rom.dir/workspace/pico-sdk/src/rp2_common/pico_platform_panic/panic.c.o
LOAD CMakeFiles/mpi_rom.dir/workspace/pico-sdk/src/common/hardware_claim/claim.c.o
LOAD CMakeFiles/mpi_rom.dir/workspace/pico-sdk/src/rp2_common/hardware_sync/sync.c.o
LOAD CMakeFiles/mpi_rom.dir/workspace/pico-sdk/src/rp2_common/hardware_sync_spin_lock/sync_spin_lock.c.o
LOAD CMakeFiles/mpi_rom.dir/workspace/pico-sdk/src/rp2_common/hardware_irq/irq.c.o
LOAD CMakeFiles/mpi_rom.dir/workspace/pico-sdk/src/rp2_common/hardware_irq/irq_handler_chain.S.o
LOAD CMakeFiles/mpi_rom.dir/workspace/pico-sdk/src/common/pico_sync/sem.c.o
LOAD CMakeFiles/mpi_rom.dir/workspace/pico-sdk/src/common/pico_sync/lock_core.c.o
LOAD CMakeFiles/mpi_rom.dir/workspace/pico-sdk/src/common/pico_sync/mutex.c.o
LOAD CMakeFiles/mpi_rom.dir/workspace/pico-sdk/src/common/pico_sync/critical_section.c.o
LOAD CMakeFiles/mpi_rom.dir/workspace/pico-sdk/src/common/pico_time/time.c.o
LOAD CMakeFiles/mpi_rom.dir/workspace/pico-sdk/src/common/pico_time/timeout_helper.c.o
LOAD CMakeFiles/mpi_rom.dir/workspace/pico-sdk/src/rp2_common/hardware_timer/timer.c.o
LOAD CMakeFiles/mpi_rom.dir/workspace/pico-sdk/src/common/pico_util/datetime.c.o
LOAD CMakeFiles/mpi_rom.dir/workspace/pico-sdk/src/common/pico_util/pheap.c.o
LOAD CMakeFiles/mpi_rom.dir/workspace/pico-sdk/src/common/pico_util/queue.c.o
LOAD CMakeFiles/mpi_rom.dir/workspace/pico-sdk/src/rp2_common/hardware_uart/uart.c.o
LOAD CMakeFiles/mpi_rom.dir/workspace/pico-sdk/src/rp2_common/hardware_clocks/clocks.c.o
LOAD CMakeFiles/mpi_rom.dir/workspace/pico-sdk/src/rp2_common/hardware_pll/pll.c.o
LOAD CMakeFiles/mpi_rom.dir/workspace/pico-sdk/src/rp2_common/hardware_vreg/vreg.c.o
LOAD CMakeFiles/mpi_rom.dir/workspace/pico-sdk/src/rp2_common/hardware_watchdog/watchdog.c.o
LOAD CMakeFiles/mpi_rom.dir/workspace/pico-sdk/src/rp2_common/hardware_ticks/ticks.c.o
LOAD CMakeFiles/mpi_rom.dir/workspace/pico-sdk/src/rp2_common/pico_bootrom/bootrom.c.o
LOAD CMakeFiles/mpi_rom.dir/workspace/pico-sdk/src/rp2_common/pico_bootrom/bootrom_lock.c.o
LOAD CMakeFiles/mpi_rom.dir/workspace/pico-sdk/src/rp2_common/hardware_boot_lock/boot_lock.c.o
LOAD CMakeFiles/mpi_rom.dir/workspace/pico-sdk/src/rp2_common/pico_flash/flash.c.o
LOAD CMakeFiles/mpi_rom.dir/workspace/pico-sdk/src/rp2_common/hardware_xosc/xosc.c.o
LOAD CMakeFiles/mpi_rom.dir/workspace/pico-sdk/src/rp2_common/hardware_divider/divider.c.o
LOAD CMakeFiles/mpi_rom.dir/workspace/pico-sdk/src/rp2_common/pico_runtime/runtime.c.o
LOAD CMakeFiles/mpi_rom.dir/workspace/pico-sdk/src/rp2_common/pico_runtime_init/runtime_init.c.o
LOAD CMakeFiles/mpi_rom.dir/workspace/pico-sdk/src/rp2_common/pico_runtime_init/runtime_init_clocks.c.o
LOAD CMakeFiles/mpi_rom.dir/workspace/pico-sdk/src/rp2_common/pico_runtime_init/runtime_init_stack_guard.c.o
LOAD CMakeFiles/mpi_rom.dir/workspace/pico-sdk/src/rp2_common/pico_bit_ops/bit_ops_aeabi.S.o
LOAD CMakeFiles/mpi_rom.dir/workspace/pico-sdk/src/rp2_common/pico_divider/divider_compiler.c.o
LOAD CMakeFiles/mpi_rom.dir/workspace/pico-sdk/src/rp2_common/pico_double/double_math.c.o
LOAD CMakeFiles/mpi_rom.dir/workspace/pico-sdk/src/rp2_common/pico_double/double_aeabi_dcp.S.o
LOAD CMakeFiles/mpi_rom.dir/workspace/pico-sdk/src/rp2_common/pico_double/double_fma_dcp.S.o
LOAD CMakeFiles/mpi_rom.dir/workspace/pico-sdk/src/rp2_common/pico_double/double_sci_m33.S.o
LOAD CMakeFiles/mpi_rom.dir/workspace/pico-sdk/src/rp2_common/pico_double/double_conv_m33.S.o
LOAD CMakeFiles/mpi_rom.dir/workspace/pico-sdk/src/rp2_common/pico_float/float_math.c.o
LOAD CMakeFiles/mpi_rom.dir/workspace/pico-sdk/src/rp2_common/pico_float/float_conv32_vfp.S.o
LOAD CMakeFiles/mpi_rom.dir/workspace/pico-sdk/src/rp2_common/pico_float/float_common_m33.S.o
LOAD CMakeFiles/mpi_rom.dir/workspace/pico-sdk/src/rp2_common/pico_float/float_sci_m33_vfp.S.o
LOAD CMakeFiles/mpi_rom.dir/workspace/pico-sdk/src/rp2_common/pico_malloc/malloc.c.o
LOAD CMakeFiles/mpi_rom.dir/workspace/pico-sdk/src/rp2_common/pico_atomic/atomic.c.o
LOAD CMakeFiles/mpi_rom.dir/workspace/pico-sdk/src/rp2_common/pico_cxx_options/new_delete.cpp.o
LOAD CMakeFiles/mpi_rom.dir/workspace/pico-sdk/src/rp2_common/pico_standard_binary_info/standard_binary_info.c.o
LOAD CMakeFiles/mpi_rom.dir/workspace/pico-sdk/src/rp2_common/pico_printf/printf.c.o
LOAD CMakeFiles/mpi_rom.dir/workspace/pico-sdk/src/rp2_common/pico_crt0/crt0.S.o
LOAD CMakeFiles/mpi_rom.dir/workspace/pico-sdk/src/rp2_common/pico_clib_interface/newlib_interface.c.o
LOAD CMakeFiles/mpi_rom.dir/workspace/pico-sdk/src/rp2_common/pico_stdio/stdio.c.o
LOAD CMakeFiles/mpi_rom.dir/workspace/pico-sdk/src/rp2_common/pico_stdio_uart/stdio_uart.c.o
LOAD CMakeFiles/mpi_rom.dir/workspace/pico-sdk/src/rp2_common/pico_multicore/multicore.c.o
LOAD CMakeFiles/mpi_rom.dir/workspace/pico-sdk/src/rp2_common/hardware_pio/pio.c.o
LOAD pico-sdk/src/rp2350/boot_stage2/CMakeFiles/bs2_default_library.dir/./bs2_default_padded_checksummed.S.o
LOAD /usr/lib/gcc/arm-none-eabi/13.2.1/../../../arm-none-eabi/lib/thumb/v8-m.main+fp/softfp/libstdc++.a
LOAD /usr/lib/gcc/arm-none-eabi/13.2.1/../../../arm-none-eabi/lib/thumb/v8-m.main+fp/softfp/libm.a
START GROUP
LOAD /usr/lib/gcc/arm-none-eabi/13.2.1/thumb/v8-m.main+fp/softfp/libgcc.a
LOAD /usr/lib/gcc/arm-none-eabi/13.2.1/../../../arm-none-eabi/lib/thumb/v8-m.main+fp/softfp/libg.a
LOAD /usr/lib/gcc/arm-none-eabi/13.2.1/../../../arm-none-eabi/lib/thumb/v8-m.main+fp/softfp/libc.a
END GROUP
START GROUP
LOAD /usr/lib/gcc/arm-none-eabi/13.2.1/thumb/v8-m.main+fp/softfp/libgcc.a
LOAD /usr/lib/gcc/arm-none-eabi/13.2.1/../../../arm-none-eabi/lib/thumb/v8-m.main+fp/softfp/libc.a
LOAD /usr/lib/gcc/arm-none-eabi/13.2.1/../../../arm-none-eabi/lib/thumb/v8-m.main+fp/softfp/libnosys.a
END GROUP
LOAD /usr/lib/gcc/arm-none-eabi/13.2.1/thumb/v8-m.main+fp/softfp/crtend.o
LOAD /usr/lib/gcc/arm-none-eabi/13.2.1/thumb/v8-m.main+fp/softfp/crtn.o
OUTPUT(mpi_rom.elf elf32-littlearm)
LOAD linker stubs

.rel.dyn        0x1000a624        0x0
 .rel.iplt      0x1000a624        0x0 /usr/lib/gcc/arm-none-eabi/13.2.1/thumb/v8-m.main+fp/softfp/crtbegin.o

.ARM.attributes
                0x00000000       0x34
 .ARM.attributes
                0x00000000       0x26 /usr/lib/gcc/arm-none-eabi/13.2.1/thumb/v8-m.main+fp/softfp/crti.o
 .ARM.attributes
                0x00000026       0x36 /usr/lib/gcc/arm-none-eabi/13.2.1/thumb/v8-m.main+fp/softfp/crtbegin.o
 .ARM.attributes
                0x0000005c       0x38 CMakeFiles/mpi_rom.dir/main.c.o
 .ARM.attributes
                0x00000094       0x38 CMakeFiles/mpi_rom.dir/decode.c.o
 .ARM.attributes
                0x000000cc       0x38 CMakeFiles/mpi_rom.dir/rom_images.c.o
 .ARM.attributes
                0x00000104       0x38 CMakeFiles/mpi_rom.dir/workspace/pico-sdk/src/rp2_common/hardware_gpio/gpio.c.o
 .ARM.attributes
                0x0000013c       0x38 CMakeFiles/mpi_rom.dir/workspace/pico-sdk/src/rp2_common/pico_platform_panic/panic.c.o
 .ARM.attributes
                0x00000174       0x38 CMakeFiles/mpi_rom.dir/workspace/pico-sdk/src/common/hardware_claim/claim.c.o
 .ARM.attributes
                0x000001ac       0x38 CMakeFiles/mpi_rom.dir/workspace/pico-sdk/src/rp2_common/hardware_sync/sync.c.o
 .ARM.attributes
                0x000001e4       0x38 CMakeFiles/mpi_rom.dir/workspace/pico-sdk/src/rp2_common/hardware_sync_spin_lock/sync_spin_lock.c.o
 .ARM.attributes
                0x0000021c       0x38 CMakeFiles/mpi_rom.dir/workspace/pico-sdk/src/rp2_common/hardware_irq/irq.c.o
 .ARM.attributes
                0x00000254       0x38 CMakeFiles/mpi_rom.dir/workspace/pico-sdk/src/common/pico_sync/lock_core.c.o
 .ARM.attributes
                0x0000028c       0x38 CMakeFiles/mpi_rom.dir/workspace/pico-sdk/src/common/pico_sync/mutex.c.o
 .ARM.attributes
                0x000002c4       0x38 CMakeFiles/mpi_rom.dir/workspace/pico-sdk/src/common/pico_time/time.c.o
 .ARM.attributes
                0x000002fc       0x38 CMakeFiles/mpi_rom.dir/workspace/pico-sdk/src/rp2_common/hardware_timer/timer.c.o
 .ARM.attributes
                0x00000334       0x38 CMakeFiles/mpi_rom.dir/workspace/pico-sdk/src/rp2_common/hardware_clocks/clocks.c.o
 .ARM.attributes
                0x0000036c       0x38 CMakeFiles/mpi_rom.dir/workspace/pico-sdk/src/rp2_common/hardware_pll/pll.c.o
 .ARM.attributes
                0x000003a4       0x38 CMakeFiles/mpi_rom.dir/workspace/pico-sdk/src/rp2_common/hardware_ticks/ticks.c.o
 .ARM.attributes
                0x000003dc       0x38 CMakeFiles/mpi_rom.dir/workspace/pico-sdk/src/rp2_common/pico_bootrom/bootrom.c.o
 .ARM.attributes
                0x00000414       0x38 CMakeFiles/mpi_rom.dir/workspace/pico-sdk/src/rp2_common/pico_bootrom/bootrom_lock.c.o
 .ARM.attributes
                0x0000044c       0x38 CMakeFiles/mpi_rom.dir/workspace/pico-sdk/src/rp2_common/hardware_boot_lock/boot_lock.c.o
 .ARM.attributes
                0x00000484       0x38 CMakeFiles/mpi_rom.dir/workspace/pico-sdk/src/rp2_common/hardware_xosc/xosc.c.o
 .ARM.attributes
                0x000004bc       0x38 CMakeFiles/mpi_rom.dir/workspace/pico-sdk/src/rp2_common/pico_runtime/runtime.c.o
 .ARM.attributes
                0x000004f4       0x38 CMakeFiles/mpi_rom.dir/workspace/pico-sdk/src/rp2_common/pico_runtime_init/runtime_init.c.o
 .ARM.attributes
                0x0000052c       0x38 CMakeFiles/mpi_rom.dir/workspace/pico-sdk/src/rp2_common/pico_runtime_init/runtime_init_clocks.c.o
 .ARM.attributes
                0x00000564       0x38 CMakeFiles/mpi_rom.dir/workspace/pico-sdk/src/rp2_common/pico_malloc/malloc.c.o
 .ARM.attributes
                0x0000059c       0x38 CMakeFiles/mpi_rom.dir/workspace/pico-sdk/src/rp2_common/pico_standard_binary_info/standard_binary_info.c.o
 .ARM.attributes
                0x000005d4       0x38 CMakeFiles/mpi_rom.dir/workspace/pico-sdk/src/rp2_common/pico_printf/printf.c.o
 .ARM.attributes
                0x0000060c       0x28 CMakeFiles/mpi_rom.dir/workspace/pico-sdk/src/rp2_common/pico_crt0/crt0.S.o
 .ARM.attributes
                0x00000634       0x38 CMakeFiles/mpi_rom.dir/workspace/pico-sdk/src/rp2_common/pico_clib_interface/newlib_interface.c.o
 .ARM.attributes
                0x0000066c       0x38 CMakeFiles/mpi_rom.dir/workspace/pico-sdk/src/rp2_common/pico_stdio/stdio.c.o
 .ARM.attributes
                0x000006a4       0x38 CMakeFiles/mpi_rom.dir/workspace/pico-sdk/src/rp2_common/pico_multicore/multicore.c.o
 .ARM.attributes
                0x000006dc       0x38 CMakeFiles/mpi_rom.dir/workspace/pico-sdk/src/rp2_common/hardware_pio/pio.c.o
 .ARM.attributes
                0x00000714       0x36 /usr/lib/gcc/arm-none-eabi/13.2.1/../../../arm-none-eabi/lib/thumb/v8-m.main+fp/softfp/libg.a(libc_a-memset.o)
 .ARM.attributes
                0x0000074a       0x24 /usr/lib/gcc/arm-none-eabi/13.2.1/../../../arm-none-eabi/lib/thumb/v8-m.main+fp/softfp/libg.a(libc_a-memcpy.o)
 .ARM.attributes
                0x0000076e       0x36 /usr/lib/gcc/arm-none-eabi/13.2.1/../../../arm-none-eabi/lib/thumb/v8-m.main+fp/softfp/libg.a(libc_a-atexit.o)
 .ARM.attributes
                0x000007a4       0x36 /usr/lib/gcc/arm-none-eabi/13.2.1/../../../arm-none-eabi/lib/thumb/v8-m.main+fp/softfp/libg.a(libc_a-strlen-stub.o)
 .ARM.attributes
                0x000007da       0x36 /usr/lib/gcc/arm-none-eabi/13.2.1/../../../arm-none-eabi/lib/thumb/v8-m.main+fp/softfp/libg.a(libc_a-fini.o)
 .ARM.attributes
                0x00000810       0x36 /usr/lib/gcc/arm-none-eabi/13.2.1/../../../arm-none-eabi/lib/thumb/v8-m.main+fp/softfp/libg.a(libc_a-__atexit.o)
 .ARM.attributes
                0x00000846       0x36 /usr/lib/gcc/arm-none-eabi/13.2.1/../../../arm-none-eabi/lib/thumb/v8-m.main+fp/softfp/libg.a(libc_a-__call_atexit.o)
 .ARM.attributes
                0x0000087c       0x36 /usr/lib/gcc/arm-none-eabi/13.2.1/thumb/v8-m.main+fp/softfp/crtend.o

.comment        0x00000000       0x26
 .comment       0x00000000       0x26 /usr/lib/gcc/arm-none-eabi/13.2.1/thumb/v8-m.main+fp/softfp/crtbegin.o
                                 0x27 (size before relaxing)
 .comment       0x00000026       0x27 CMakeFiles/mpi_rom.dir/main.c.o
 .comment       0x00000026       0x27 CMakeFiles/mpi_rom.dir/decode.c.o
 .comment       0x00000026       0x27 CMakeFiles/mpi_rom.dir/rom_images.c.o
 .comment       0x00000026       0x27 CMakeFiles/mpi_rom.dir/workspace/pico-sdk/src/rp2_common/hardware_gpio/gpio.c.o
 .comment       0x00000026       0x27 CMakeFiles/mpi_rom.dir/workspace/pico-sdk/src/rp2_common/pico_platform_panic/panic.c.o
 .comment       0x00000026       0x27 CMakeFiles/mpi_rom.dir/workspace/pico-sdk/src/common/hardware_claim/claim.c.o
 .comment       0x00000026       0x27 CMakeFiles/mpi_rom.dir/workspace/pico-sdk/src/rp2_common/hardware_sync/sync.c.o
 .comment       0x00000026       0x27 CMakeFiles/mpi_rom.dir/workspace/pico-sdk/src/rp2_common/hardware_sync_spin_lock/sync_spin_lock.c.o
 .comment       0x00000026       0x27 CMakeFiles/mpi_rom.dir/workspace/pico-sdk/src/rp2_common/hardware_irq/irq.c.o
 .comment       0x00000026       0x27 CMakeFiles/mpi_rom.dir/workspace/pico-sdk/src/common/pico_sync/lock_core.c.o
 .comment       0x00000026       0x27 CMakeFiles/mpi_rom.dir/workspace/pico-sdk/src/common/pico_sync/mutex.c.o
 .comment       0x00000026       0x27 CMakeFiles/mpi_rom.dir/workspace/pico-sdk/src/common/pico_time/time.c.o
 .comment       0x00000026       0x27 CMakeFiles/mpi_rom.dir/workspace/pico-sdk/src/rp2_common/hardware_timer/timer.c.o
 .comment       0x00000026       0x27 CMakeFiles/mpi_rom.dir/workspace/pico-sdk/src/rp2_common/hardware_clocks/clocks.c.o
 .comment       0x00000026       0x27 CMakeFiles/mpi_rom.dir/workspace/pico-sdk/src/rp2_common/hardware_pll/pll.c.o
 .comment       0x00000026       0x27 CMakeFiles/mpi_rom.dir/workspace/pico-sdk/src/rp2_common/hardware_ticks/ticks.c.o
 .comment       0x00000026       0x27 CMakeFiles/mpi_rom.dir/workspace/pico-sdk/src/rp2_common/pico_bootrom/bootrom.c.o
 .comment       0x00000026       0x27 CMakeFiles/mpi_rom.dir/workspace/pico-sdk/src/rp2_common/pico_bootrom/bootrom_lock.c.o
 .comment       0x00000026       0x27 CMakeFiles/mpi_rom.dir/workspace/pico-sdk/src/rp2_common/hardware_boot_lock/boot_lock.c.o
 .comment       0x00000026       0x27 CMakeFiles/mpi_rom.dir/workspace/pico-sdk/src/rp2_common/hardware_xosc/xosc.c.o
 .comment       0x00000026       0x27 CMakeFiles/mpi_rom.dir/workspace/pico-sdk/src/rp2_common/pico_runtime/runtime.c.o
 .comment       0x00000026       0x27 CMakeFiles/mpi_rom.dir/workspace/pico-sdk/src/rp2_common/pico_runtime_init/runtime_init.c.o
 .comment       0x00000026       0x27 CMakeFiles/mpi_rom.dir/workspace/pico-sdk/src/rp2_common/pico_runtime_init/runtime_init_clocks.c.o
 .comment       0x00000026       0x27 CMakeFiles/mpi_rom.dir/workspace/pico-sdk/src/rp2_common/pico_malloc/malloc.c.o
 .comment       0x00000026       0x27 CMakeFiles/mpi_rom.dir/workspace/pico-sdk/src/rp2_common/pico_standard_binary_info/standard_binary_info.c.o
 .comment       0x00000026       0x27 CMakeFiles/mpi_rom.dir/workspace/pico-sdk/src/rp2_common/pico_printf/printf.c.o
 .comment       0x00000026       0x27 CMakeFiles/mpi_rom.dir/workspace/pico-sdk/src/rp2_common/pico_clib_interface/newlib_interface.c.o
 .comment       0x00000026       0x27 CMakeFiles/mpi_rom.dir/workspace/pico-sdk/src/rp2_common/pico_stdio/stdio.c.o
 .comment       0x00000026       0x27 CMakeFiles/mpi_rom.dir/workspace/pico-sdk/src/rp2_common/pico_multicore/multicore.c.o
 .comment       0x00000026       0x27 CMakeFiles/mpi_rom.dir/workspace/pico-sdk/src/rp2_common/hardware_pio/pio.c.o
 .comment       0x00000026       0x27 /usr/lib/gcc/arm-none-eabi/13.2.1/../../../arm-none-eabi/lib/thumb/v8-m.main+fp/softfp/libg.a(libc_a-memset.o)
 .comment       0x00000026       0x27 /usr/lib/gcc/arm-none-eabi/13.2.1/../../../arm-none-eabi/lib/thumb/v8-m.main+fp/softfp/libg.a(libc_a-atexit.o)
 .comment       0x00000026       0x27 /usr/lib/gcc/arm-none-eabi/13.2.1/../../../arm-none-eabi/lib/thumb/v8-m.main+fp/softfp/libg.a(libc_a-strlen-stub.o)
 .comment       0x00000026       0x27 /usr/lib/gcc/arm-none-eabi/13.2.1/../../../arm-none-eabi/lib/thumb/v8-m.main+fp/softfp/libg.a(libc_a-fini.o)
 .comment       0x00000026       0x27 /usr/lib/gcc/arm-none-eabi/13.2.1/../../../arm-none-eabi/lib/thumb/v8-m.main+fp/softfp/libg.a(libc_a-__atexit.o)
 .comment       0x00000026       0x27 /usr/lib/gcc/arm-none-eabi/13.2.1/../../../arm-none-eabi/lib/thumb/v8-m.main+fp/softfp/libg.a(libc_a-__call_atexit.o)
 .comment       0x00000026       0x27 /usr/lib/gcc/arm-none-eabi/13.2.1/thumb/v8-m.main+fp/softfp/crtend.o

.debug_info     0x00000000    0x25bad
 .debug_info    0x00000000     0x2c7f CMakeFiles/mpi_rom.dir/main.c.o
 .debug_info    0x00002c7f      0x54f CMakeFiles/mpi_rom.dir/decode.c.o
 .debug_info    0x000031ce      0x19a CMakeFiles/mpi_rom.dir/rom_images.c.o
 .debug_info    0x00003368     0x23e5 CMakeFiles/mpi_rom.dir/workspace/pico-sdk/src/rp2_common/hardware_gpio/gpio.c.o
 .debug_info    0x0000574d      0x1be CMakeFiles/mpi_rom.dir/workspace/pico-sdk/src/rp2_common/pico_platform_panic/panic.c.o
 .debug_info    0x0000590b      0xb64 CMakeFiles/mpi_rom.dir/workspace/pico-sdk/src/common/hardware_claim/claim.c.o
 .debug_info    0x0000646f      0x44d CMakeFiles/mpi_rom.dir/workspace/pico-sdk/src/rp2_common/hardware_sync/sync.c.o
 .debug_info    0x000068bc     0x143a CMakeFiles/mpi_rom.dir/workspace/pico-sdk/src/rp2_common/hardware_sync_spin_lock/sync_spin_lock.c.o
 .debug_info    0x00007cf6     0x25c3 CMakeFiles/mpi_rom.dir/workspace/pico-sdk/src/rp2_common/hardware_irq/irq.c.o
 .debug_info    0x0000a2b9      0x17b CMakeFiles/mpi_rom.dir/workspace/pico-sdk/src/common/pico_sync/lock_core.c.o
 .debug_info    0x0000a434     0x1e27 CMakeFiles/mpi_rom.dir/workspace/pico-sdk/src/common/pico_sync/mutex.c.o
 .debug_info    0x0000c25b     0x4bf9 CMakeFiles/mpi_rom.dir/workspace/pico-sdk/src/common/pico_time/time.c.o
 .debug_info    0x00010e54     0x3082 CMakeFiles/mpi_rom.dir/workspace/pico-sdk/src/rp2_common/hardware_timer/timer.c.o
 .debug_info    0x00013ed6     0x2871 CMakeFiles/mpi_rom.dir/workspace/pico-sdk/src/rp2_common/hardware_clocks/clocks.c.o
 .debug_info    0x00016747      0x4ef CMakeFiles/mpi_rom.dir/workspace/pico-sdk/src/rp2_common/hardware_pll/pll.c.o
 .debug_info    0x00016c36      0x254 CMakeFiles/mpi_rom.dir/workspace/pico-sdk/src/rp2_common/hardware_ticks/ticks.c.o
 .debug_info    0x00016e8a      0x8e4 CMakeFiles/mpi_rom.dir/workspace/pico-sdk/src/rp2_common/pico_bootrom/bootrom.c.o
 .debug_info    0x0001776e      0x1ac CMakeFiles/mpi_rom.dir/workspace/pico-sdk/src/rp2_common/pico_bootrom/bootrom_lock.c.o
 .debug_info    0x0001791a      0x2fe CMakeFiles/mpi_rom.dir/workspace/pico-sdk/src/rp2_common/hardware_boot_lock/boot_lock.c.o
 .debug_info    0x00017c18      0x199 CMakeFiles/mpi_rom.dir/workspace/pico-sdk/src/rp2_common/hardware_xosc/xosc.c.o
 .debug_info    0x00017db1      0x20e CMakeFiles/mpi_rom.dir/workspace/pico-sdk/src/rp2_common/pico_runtime/runtime.c.o
 .debug_info    0x00017fbf     0x1bb5 CMakeFiles/mpi_rom.dir/workspace/pico-sdk/src/rp2_common/pico_runtime_init/runtime_init.c.o
 .debug_info    0x00019b74      0x7b0 CMakeFiles/mpi_rom.dir/workspace/pico-sdk/src/rp2_common/pico_runtime_init/runtime_init_clocks.c.o
 .debug_info    0x0001a324      0x6a6 CMakeFiles/mpi_rom.dir/workspace/pico-sdk/src/rp2_common/pico_malloc/malloc.c.o
 .debug_info    0x0001a9ca      0x288 CMakeFiles/mpi_rom.dir/workspace/pico-sdk/src/rp2_common/pico_standard_binary_info/standard_binary_info.c.o
 .debug_info    0x0001ac52     0x2075 CMakeFiles/mpi_rom.dir/workspace/pico-sdk/src/rp2_common/pico_printf/printf.c.o
 .debug_info    0x0001ccc7       0x23 CMakeFiles/mpi_rom.dir/workspace/pico-sdk/src/rp2_common/pico_crt0/crt0.S.o
 .debug_info    0x0001ccea      0xbdf CMakeFiles/mpi_rom.dir/workspace/pico-sdk/src/rp2_common/pico_clib_interface/newlib_interface.c.o
 .debug_info    0x0001d8c9     0x1d47 CMakeFiles/mpi_rom.dir/workspace/pico-sdk/src/rp2_common/pico_stdio/stdio.c.o
 .debug_info    0x0001f610     0x2816 CMakeFiles/mpi_rom.dir/workspace/pico-sdk/src/rp2_common/pico_multicore/multicore.c.o
 .debug_info    0x00021e26     0x34cc CMakeFiles/mpi_rom.dir/workspace/pico-sdk/src/rp2_common/hardware_pio/pio.c.o
 .debug_info    0x000252f2      0x135 /usr/lib/gcc/arm-none-eabi/13.2.1/../../../arm-none-eabi/lib/thumb/v8-m.main+fp/softfp/libg.a(libc_a-memset.o)
 .debug_info    0x00025427       0x33 /usr/lib/gcc/arm-none-eabi/13.2.1/../../../arm-none-eabi/lib/thumb/v8-m.main+fp/softfp/libg.a(libc_a-memcpy.o)
 .debug_info    0x0002545a      0x11e /usr/lib/gcc/arm-none-eabi/13.2.1/../../../arm-none-eabi/lib/thumb/v8-m.main+fp/softfp/libg.a(libc_a-atexit.o)
 .debug_info    0x00025578       0xbd /usr/lib/gcc/arm-none-eabi/13.2.1/../../../arm-none-eabi/lib/thumb/v8-m.main+fp/softfp/libg.a(libc_a-strlen-stub.o)
 .debug_info    0x00025635       0xf7 /usr/lib/gcc/arm-none-eabi/13.2.1/../../../arm-none-eabi/lib/thumb/v8-m.main+fp/softfp/libg.a(libc_a-fini.o)
 .debug_info    0x0002572c      0x1fd /usr/lib/gcc/arm-none-eabi/13.2.1/../../../arm-none-eabi/lib/thumb/v8-m.main+fp/softfp/libg.a(libc_a-__atexit.o)
 .debug_info    0x00025929      0x284 /usr/lib/gcc/arm-none-eabi/13.2.1/../../../arm-none-eabi/lib/thumb/v8-m.main+fp/softfp/libg.a(libc_a-__call_atexit.o)

.debug_abbrev   0x00000000     0x683e
 .debug_abbrev  0x00000000      0x4ea CMakeFiles/mpi_rom.dir/main.c.o
 .debug_abbrev  0x000004ea      0x2b0 CMakeFiles/mpi_rom.dir/decode.c.o
 .debug_abbrev  0x0000079a       0xe1 CMakeFiles/mpi_rom.dir/rom_images.c.o
 .debug_abbrev  0x0000087b      0x54a CMakeFiles/mpi_rom.dir/workspace/pico-sdk/src/rp2_common/hardware_gpio/gpio.c.o
 .debug_abbrev  0x00000dc5      0x12b CMakeFiles/mpi_rom.dir/workspace/pico-sdk/src/rp2_common/pico_platform_panic/panic.c.o
 .debug_abbrev  0x00000ef0      0x35c CMakeFiles/mpi_rom.dir/workspace/pico-sdk/src/common/hardware_claim/claim.c.o
 .debug_abbrev  0x0000124c      0x22d CMakeFiles/mpi_rom.dir/workspace/pico-sdk/src/rp2_common/hardware_sync/sync.c.o
 .debug_abbrev  0x00001479      0x26e CMakeFiles/mpi_rom.dir/workspace/pico-sdk/src/rp2_common/hardware_sync_spin_lock/sync_spin_lock.c.o
 .debug_abbrev  0x000016e7      0x631 CMakeFiles/mpi_rom.dir/workspace/pico-sdk/src/rp2_common/hardware_irq/irq.c.o
 .debug_abbrev  0x00001d18      0x11e CMakeFiles/mpi_rom.dir/workspace/pico-sdk/src/common/pico_sync/lock_core.c.o
 .debug_abbrev  0x00001e36      0x49b CMakeFiles/mpi_rom.dir/workspace/pico-sdk/src/common/pico_sync/mutex.c.o
 .debug_abbrev  0x000022d1      0x65c CMakeFiles/mpi_rom.dir/workspace/pico-sdk/src/common/pico_time/time.c.o
 .debug_abbrev  0x0000292d      0x4f9 CMakeFiles/mpi_rom.dir/workspace/pico-sdk/src/rp2_common/hardware_timer/timer.c.o
 .debug_abbrev  0x00002e26      0x4d5 CMakeFiles/mpi_rom.dir/workspace/pico-sdk/src/rp2_common/hardware_clocks/clocks.c.o
 .debug_abbrev  0x000032fb      0x1a8 CMakeFiles/mpi_rom.dir/workspace/pico-sdk/src/rp2_common/hardware_pll/pll.c.o
 .debug_abbrev  0x000034a3      0x146 CMakeFiles/mpi_rom.dir/workspace/pico-sdk/src/rp2_common/hardware_ticks/ticks.c.o
 .debug_abbrev  0x000035e9      0x36a CMakeFiles/mpi_rom.dir/workspace/pico-sdk/src/rp2_common/pico_bootrom/bootrom.c.o
 .debug_abbrev  0x00003953       0xfb CMakeFiles/mpi_rom.dir/workspace/pico-sdk/src/rp2_common/pico_bootrom/bootrom_lock.c.o
 .debug_abbrev  0x00003a4e      0x1de CMakeFiles/mpi_rom.dir/workspace/pico-sdk/src/rp2_common/hardware_boot_lock/boot_lock.c.o
 .debug_abbrev  0x00003c2c      0x109 CMakeFiles/mpi_rom.dir/workspace/pico-sdk/src/rp2_common/hardware_xosc/xosc.c.o
 .debug_abbrev  0x00003d35      0x182 CMakeFiles/mpi_rom.dir/workspace/pico-sdk/src/rp2_common/pico_runtime/runtime.c.o
 .debug_abbrev  0x00003eb7      0x2dd CMakeFiles/mpi_rom.dir/workspace/pico-sdk/src/rp2_common/pico_runtime_init/runtime_init.c.o
 .debug_abbrev  0x00004194      0x29d CMakeFiles/mpi_rom.dir/workspace/pico-sdk/src/rp2_common/pico_runtime_init/runtime_init_clocks.c.o
 .debug_abbrev  0x00004431      0x21d CMakeFiles/mpi_rom.dir/workspace/pico-sdk/src/rp2_common/pico_malloc/malloc.c.o
 .debug_abbrev  0x0000464e       0xb8 CMakeFiles/mpi_rom.dir/workspace/pico-sdk/src/rp2_common/pico_standard_binary_info/standard_binary_info.c.o
 .debug_abbrev  0x00004706      0x540 CMakeFiles/mpi_rom.dir/workspace/pico-sdk/src/rp2_common/pico_printf/printf.c.o
 .debug_abbrev  0x00004c46       0x12 CMakeFiles/mpi_rom.dir/workspace/pico-sdk/src/rp2_common/pico_crt0/crt0.S.o
 .debug_abbrev  0x00004c58      0x375 CMakeFiles/mpi_rom.dir/workspace/pico-sdk/src/rp2_common/pico_clib_interface/newlib_interface.c.o
 .debug_abbrev  0x00004fcd      0x602 CMakeFiles/mpi_rom.dir/workspace/pico-sdk/src/rp2_common/pico_stdio/stdio.c.o
 .debug_abbrev  0x000055cf      0x6e2 CMakeFiles/mpi_rom.dir/workspace/pico-sdk/src/rp2_common/pico_multicore/multicore.c.o
 .debug_abbrev  0x00005cb1      0x575 CMakeFiles/mpi_rom.dir/workspace/pico-sdk/src/rp2_common/hardware_pio/pio.c.o
 .debug_abbrev  0x00006226       0xb7 /usr/lib/gcc/arm-none-eabi/13.2.1/../../../arm-none-eabi/lib/thumb/v8-m.main+fp/softfp/libg.a(libc_a-memset.o)
 .debug_abbrev  0x000062dd       0x28 /usr/lib/gcc/arm-none-eabi/13.2.1/../../../arm-none-eabi/lib/thumb/v8-m.main+fp/softfp/libg.a(libc_a-memcpy.o)
 .debug_abbrev  0x00006305       0xc1 /usr/lib/gcc/arm-none-eabi/13.2.1/../../../arm-none-eabi/lib/thumb/v8-m.main+fp/softfp/libg.a(libc_a-atexit.o)
 .debug_abbrev  0x000063c6       0x78 /usr/lib/gcc/arm-none-eabi/13.2.1/../../../arm-none-eabi/lib/thumb/v8-m.main+fp/softfp/libg.a(libc_a-strlen-stub.o)
 .debug_abbrev  0x0000643e       0xcc /usr/lib/gcc/arm-none-eabi/13.2.1/../../../arm-none-eabi/lib/thumb/v8-m.main+fp/softfp/libg.a(libc_a-fini.o)
 .debug_abbrev  0x0000650a      0x157 /usr/lib/gcc/arm-none-eabi/13.2.1/../../../arm-none-eabi/lib/thumb/v8-m.main+fp/softfp/libg.a(libc_a-__atexit.o)
 .debug_abbrev  0x00006661      0x1dd /usr/lib/gcc/arm-none-eabi/13.2.1/../../../arm-none-eabi/lib/thumb/v8-m.main+fp/softfp/libg.a(libc_a-__call_atexit.o)

.debug_loclists
                0x00000000    0x12920
 .debug_loclists
                0x00000000      0x906 CMakeFiles/mpi_rom.dir/main.c.o
 .debug_loclists
                0x00000906      0x445 CMakeFiles/mpi_rom.dir/decode.c.o
 .debug_loclists
                0x00000d4b     0x194b CMakeFiles/mpi_rom.dir/workspace/pico-sdk/src/rp2_common/hardware_gpio/gpio.c.o
 .debug_loclists
                0x00002696      0x451 CMakeFiles/mpi_rom.dir/workspace/pico-sdk/src/common/hardware_claim/claim.c.o
 .debug_loclists
                0x00002ae7      0x107 CMakeFiles/mpi_rom.dir/workspace/pico-sdk/src/rp2_common/hardware_sync/sync.c.o
 .debug_loclists
                0x00002bee       0xa2 CMakeFiles/mpi_rom.dir/workspace/pico-sdk/src/rp2_common/hardware_sync_spin_lock/sync_spin_lock.c.o
 .debug_loclists
                0x00002c90     0x10e3 CMakeFiles/mpi_rom.dir/workspace/pico-sdk/src/rp2_common/hardware_irq/irq.c.o
 .debug_loclists
                0x00003d73       0x17 CMakeFiles/mpi_rom.dir/workspace/pico-sdk/src/common/pico_sync/lock_core.c.o
 .debug_loclists
                0x00003d8a      0xae5 CMakeFiles/mpi_rom.dir/workspace/pico-sdk/src/common/pico_sync/mutex.c.o
 .debug_loclists
                0x0000486f     0x29e5 CMakeFiles/mpi_rom.dir/workspace/pico-sdk/src/common/pico_time/time.c.o
 .debug_loclists
                0x00007254     0x1a37 CMakeFiles/mpi_rom.dir/workspace/pico-sdk/src/rp2_common/hardware_timer/timer.c.o
 .debug_loclists
                0x00008c8b     0x20df CMakeFiles/mpi_rom.dir/workspace/pico-sdk/src/rp2_common/hardware_clocks/clocks.c.o
 .debug_loclists
                0x0000ad6a      0x1b7 CMakeFiles/mpi_rom.dir/workspace/pico-sdk/src/rp2_common/hardware_pll/pll.c.o
 .debug_loclists
                0x0000af21       0x8b CMakeFiles/mpi_rom.dir/workspace/pico-sdk/src/rp2_common/hardware_ticks/ticks.c.o
 .debug_loclists
                0x0000afac      0x49b CMakeFiles/mpi_rom.dir/workspace/pico-sdk/src/rp2_common/pico_bootrom/bootrom.c.o
 .debug_loclists
                0x0000b447       0x28 CMakeFiles/mpi_rom.dir/workspace/pico-sdk/src/rp2_common/pico_bootrom/bootrom_lock.c.o
 .debug_loclists
                0x0000b46f       0x78 CMakeFiles/mpi_rom.dir/workspace/pico-sdk/src/rp2_common/hardware_boot_lock/boot_lock.c.o
 .debug_loclists
                0x0000b4e7       0x48 CMakeFiles/mpi_rom.dir/workspace/pico-sdk/src/rp2_common/hardware_xosc/xosc.c.o
 .debug_loclists
                0x0000b52f       0x7e CMakeFiles/mpi_rom.dir/workspace/pico-sdk/src/rp2_common/pico_runtime/runtime.c.o
 .debug_loclists
                0x0000b5ad      0x10a CMakeFiles/mpi_rom.dir/workspace/pico-sdk/src/rp2_common/pico_runtime_init/runtime_init.c.o
 .debug_loclists
                0x0000b6b7       0x74 CMakeFiles/mpi_rom.dir/workspace/pico-sdk/src/rp2_common/pico_runtime_init/runtime_init_clocks.c.o
 .debug_loclists
                0x0000b72b      0x1d0 CMakeFiles/mpi_rom.dir/workspace/pico-sdk/src/rp2_common/pico_malloc/malloc.c.o
 .debug_loclists
                0x0000b8fb     0x290d CMakeFiles/mpi_rom.dir/workspace/pico-sdk/src/rp2_common/pico_printf/printf.c.o
 .debug_loclists
                0x0000e208      0x408 CMakeFiles/mpi_rom.dir/workspace/pico-sdk/src/rp2_common/pico_clib_interface/newlib_interface.c.o
 .debug_loclists
                0x0000e610      0xb12 CMakeFiles/mpi_rom.dir/workspace/pico-sdk/src/rp2_common/pico_stdio/stdio.c.o
 .debug_loclists
                0x0000f122     0x1390 CMakeFiles/mpi_rom.dir/workspace/pico-sdk/src/rp2_common/pico_multicore/multicore.c.o
 .debug_loclists
                0x000104b2     0x202e CMakeFiles/mpi_rom.dir/workspace/pico-sdk/src/rp2_common/hardware_pio/pio.c.o
 .debug_loclists
                0x000124e0      0x1c2 /usr/lib/gcc/arm-none-eabi/13.2.1/../../../arm-none-eabi/lib/thumb/v8-m.main+fp/softfp/libg.a(libc_a-memset.o)
 .debug_loclists
                0x000126a2       0x2b /usr/lib/gcc/arm-none-eabi/13.2.1/../../../arm-none-eabi/lib/thumb/v8-m.main+fp/softfp/libg.a(libc_a-atexit.o)
 .debug_loclists
                0x000126cd       0x29 /usr/lib/gcc/arm-none-eabi/13.2.1/../../../arm-none-eabi/lib/thumb/v8-m.main+fp/softfp/libg.a(libc_a-strlen-stub.o)
 .debug_loclists
                0x000126f6       0x42 /usr/lib/gcc/arm-none-eabi/13.2.1/../../../arm-none-eabi/lib/thumb/v8-m.main+fp/softfp/libg.a(libc_a-fini.o)
 .debug_loclists
                0x00012738       0xe6 /usr/lib/gcc/arm-none-eabi/13.2.1/../../../arm-none-eabi/lib/thumb/v8-m.main+fp/softfp/libg.a(libc_a-__atexit.o)
 .debug_loclists
                0x0001281e      0x102 /usr/lib/gcc/arm-none-eabi/13.2.1/../../../arm-none-eabi/lib/thumb/v8-m.main+fp/softfp/libg.a(libc_a-__call_atexit.o)

.debug_aranges  0x00000000      0xd20
 .debug_aranges
                0x00000000       0x28 CMakeFiles/mpi_rom.dir/main.c.o
 .debug_aranges
                0x00000028       0x30 CMakeFiles/mpi_rom.dir/decode.c.o
 .debug_aranges
                0x00000058       0x18 CMakeFiles/mpi_rom.dir/rom_images.c.o
 .debug_aranges
                0x00000070      0x120 CMakeFiles/mpi_rom.dir/workspace/pico-sdk/src/rp2_common/hardware_gpio/gpio.c.o
 .debug_aranges
                0x00000190       0x28 CMakeFiles/mpi_rom.dir/workspace/pico-sdk/src/rp2_common/pico_platform_panic/panic.c.o
 .debug_aranges
                0x000001b8       0x48 CMakeFiles/mpi_rom.dir/workspace/pico-sdk/src/common/hardware_claim/claim.c.o
 .debug_aranges
                0x00000200       0x48 CMakeFiles/mpi_rom.dir/workspace/pico-sdk/src/rp2_common/hardware_sync/sync.c.o
 .debug_aranges
                0x00000248       0x30 CMakeFiles/mpi_rom.dir/workspace/pico-sdk/src/rp2_common/hardware_sync_spin_lock/sync_spin_lock.c.o
 .debug_aranges
                0x00000278       0xb8 CMakeFiles/mpi_rom.dir/workspace/pico-sdk/src/rp2_common/hardware_irq/irq.c.o
 .debug_aranges
                0x00000330       0x20 CMakeFiles/mpi_rom.dir/workspace/pico-sdk/src/common/pico_sync/lock_core.c.o
 .debug_aranges
                0x00000350       0x98 CMakeFiles/mpi_rom.dir/workspace/pico-sdk/src/common/pico_sync/mutex.c.o
 .debug_aranges
                0x000003e8       0xe0 CMakeFiles/mpi_rom.dir/workspace/pico-sdk/src/common/pico_time/time.c.o
 .debug_aranges
                0x000004c8       0xf0 CMakeFiles/mpi_rom.dir/workspace/pico-sdk/src/rp2_common/hardware_timer/timer.c.o
 .debug_aranges
                0x000005b8       0x90 CMakeFiles/mpi_rom.dir/workspace/pico-sdk/src/rp2_common/hardware_clocks/clocks.c.o
 .debug_aranges
                0x00000648       0x28 CMakeFiles/mpi_rom.dir/workspace/pico-sdk/src/rp2_common/hardware_pll/pll.c.o
 .debug_aranges
                0x00000670       0x30 CMakeFiles/mpi_rom.dir/workspace/pico-sdk/src/rp2_common/hardware_ticks/ticks.c.o
 .debug_aranges
                0x000006a0       0x58 CMakeFiles/mpi_rom.dir/workspace/pico-sdk/src/rp2_common/pico_bootrom/bootrom.c.o
 .debug_aranges
                0x000006f8       0x20 CMakeFiles/mpi_rom.dir/workspace/pico-sdk/src/rp2_common/pico_bootrom/bootrom_lock.c.o
 .debug_aranges
                0x00000718       0x30 CMakeFiles/mpi_rom.dir/workspace/pico-sdk/src/rp2_common/hardware_boot_lock/boot_lock.c.o
 .debug_aranges
                0x00000748       0x30 CMakeFiles/mpi_rom.dir/workspace/pico-sdk/src/rp2_common/hardware_xosc/xosc.c.o
 .debug_aranges
                0x00000778       0x38 CMakeFiles/mpi_rom.dir/workspace/pico-sdk/src/rp2_common/pico_runtime/runtime.c.o
 .debug_aranges
                0x000007b0       0x58 CMakeFiles/mpi_rom.dir/workspace/pico-sdk/src/rp2_common/pico_runtime_init/runtime_init.c.o
 .debug_aranges
                0x00000808       0x20 CMakeFiles/mpi_rom.dir/workspace/pico-sdk/src/rp2_common/pico_runtime_init/runtime_init_clocks.c.o
 .debug_aranges
                0x00000828       0x38 CMakeFiles/mpi_rom.dir/workspace/pico-sdk/src/rp2_common/pico_malloc/malloc.c.o
 .debug_aranges
                0x00000860       0x18 CMakeFiles/mpi_rom.dir/workspace/pico-sdk/src/rp2_common/pico_standard_binary_info/standard_binary_info.c.o
 .debug_aranges
                0x00000878       0x90 CMakeFiles/mpi_rom.dir/workspace/pico-sdk/src/rp2_common/pico_printf/printf.c.o
 .debug_aranges
                0x00000908       0x28 CMakeFiles/mpi_rom.dir/workspace/pico-sdk/src/rp2_common/pico_crt0/crt0.S.o
 .debug_aranges
                0x00000930       0xa0 CMakeFiles/mpi_rom.dir/workspace/pico-sdk/src/rp2_common/pico_clib_interface/newlib_interface.c.o
 .debug_aranges
                0x000009d0       0xc8 CMakeFiles/mpi_rom.dir/workspace/pico-sdk/src/rp2_common/pico_stdio/stdio.c.o
 .debug_aranges
                0x00000a98       0xc8 CMakeFiles/mpi_rom.dir/workspace/pico-sdk/src/rp2_common/pico_multicore/multicore.c.o
 .debug_aranges
                0x00000b60       0xd8 CMakeFiles/mpi_rom.dir/workspace/pico-sdk/src/rp2_common/hardware_pio/pio.c.o
 .debug_aranges
                0x00000c38       0x20 /usr/lib/gcc/arm-none-eabi/13.2.1/../../../arm-none-eabi/lib/thumb/v8-m.main+fp/softfp/libg.a(libc_a-memset.o)
 .debug_aranges
                0x00000c58       0x20 /usr/lib/gcc/arm-none-eabi/13.2.1/../../../arm-none-eabi/lib/thumb/v8-m.main+fp/softfp/libg.a(libc_a-memcpy.o)
 .debug_aranges
                0x00000c78       0x20 /usr/lib/gcc/arm-none-eabi/13.2.1/../../../arm-none-eabi/lib/thumb/v8-m.main+fp/softfp/libg.a(libc_a-atexit.o)
 .debug_aranges
                0x00000c98       0x20 /usr/lib/gcc/arm-none-eabi/13.2.1/../../../arm-none-eabi/lib/thumb/v8-m.main+fp/softfp/libg.a(libc_a-strlen-stub.o)
 .debug_aranges
                0x00000cb8       0x20 /usr/lib/gcc/arm-none-eabi/13.2.1/../../../arm-none-eabi/lib/thumb/v8-m.main+fp/softfp/libg.a(libc_a-fini.o)
 .debug_aranges
                0x00000cd8       0x20 /usr/lib/gcc/arm-none-eabi/13.2.1/../../../arm-none-eabi/lib/thumb/v8-m.main+fp/softfp/libg.a(libc_a-__atexit.o)
 .debug_aranges
                0x00000cf8       0x28 /usr/lib/gcc/arm-none-eabi/13.2.1/../../../arm-none-eabi/lib/thumb/v8-m.main+fp/softfp/libg.a(libc_a-__call_atexit.o)

.debug_rnglists
                0x00000000     0x386f
 .debug_rnglists
                0x00000000      0x2c8 CMakeFiles/mpi_rom.dir/main.c.o
 .debug_rnglists
                0x000002c8       0x69 CMakeFiles/mpi_rom.dir/decode.c.o
 .debug_rnglists
                0x00000331      0x641 CMakeFiles/mpi_rom.dir/workspace/pico-sdk/src/rp2_common/hardware_gpio/gpio.c.o
 .debug_rnglists
                0x00000972       0x19 CMakeFiles/mpi_rom.dir/workspace/pico-sdk/src/rp2_common/pico_platform_panic/panic.c.o
 .debug_rnglists
                0x0000098b      0x104 CMakeFiles/mpi_rom.dir/workspace/pico-sdk/src/common/hardware_claim/claim.c.o
 .debug_rnglists
                0x00000a8f       0x67 CMakeFiles/mpi_rom.dir/workspace/pico-sdk/src/rp2_common/hardware_sync/sync.c.o
 .debug_rnglists
                0x00000af6       0x43 CMakeFiles/mpi_rom.dir/workspace/pico-sdk/src/rp2_common/hardware_sync_spin_lock/sync_spin_lock.c.o
 .debug_rnglists
                0x00000b39      0x3ea CMakeFiles/mpi_rom.dir/workspace/pico-sdk/src/rp2_common/hardware_irq/irq.c.o
 .debug_rnglists
                0x00000f23       0x13 CMakeFiles/mpi_rom.dir/workspace/pico-sdk/src/common/pico_sync/lock_core.c.o
 .debug_rnglists
                0x00000f36      0x2c1 CMakeFiles/mpi_rom.dir/workspace/pico-sdk/src/common/pico_sync/mutex.c.o
 .debug_rnglists
                0x000011f7      0x7a7 CMakeFiles/mpi_rom.dir/workspace/pico-sdk/src/common/pico_time/time.c.o
 .debug_rnglists
                0x0000199e      0x499 CMakeFiles/mpi_rom.dir/workspace/pico-sdk/src/rp2_common/hardware_timer/timer.c.o
 .debug_rnglists
                0x00001e37      0x600 CMakeFiles/mpi_rom.dir/workspace/pico-sdk/src/rp2_common/hardware_clocks/clocks.c.o
 .debug_rnglists
                0x00002437       0x59 CMakeFiles/mpi_rom.dir/workspace/pico-sdk/src/rp2_common/hardware_pll/pll.c.o
 .debug_rnglists
                0x00002490       0x2b CMakeFiles/mpi_rom.dir/workspace/pico-sdk/src/rp2_common/hardware_ticks/ticks.c.o
 .debug_rnglists
                0x000024bb       0x9d CMakeFiles/mpi_rom.dir/workspace/pico-sdk/src/rp2_common/pico_bootrom/bootrom.c.o
 .debug_rnglists
                0x00002558       0x13 CMakeFiles/mpi_rom.dir/workspace/pico-sdk/src/rp2_common/pico_bootrom/bootrom_lock.c.o
 .debug_rnglists
                0x0000256b       0x4f CMakeFiles/mpi_rom.dir/workspace/pico-sdk/src/rp2_common/hardware_boot_lock/boot_lock.c.o
 .debug_rnglists
                0x000025ba       0x2b CMakeFiles/mpi_rom.dir/workspace/pico-sdk/src/rp2_common/hardware_xosc/xosc.c.o
 .debug_rnglists
                0x000025e5       0x3d CMakeFiles/mpi_rom.dir/workspace/pico-sdk/src/rp2_common/pico_runtime/runtime.c.o
 .debug_rnglists
                0x00002622       0x70 CMakeFiles/mpi_rom.dir/workspace/pico-sdk/src/rp2_common/pico_runtime_init/runtime_init.c.o
 .debug_rnglists
                0x00002692       0x2c CMakeFiles/mpi_rom.dir/workspace/pico-sdk/src/rp2_common/pico_runtime_init/runtime_init_clocks.c.o
 .debug_rnglists
                0x000026be       0x49 CMakeFiles/mpi_rom.dir/workspace/pico-sdk/src/rp2_common/pico_malloc/malloc.c.o
 .debug_rnglists
                0x00002707      0x2bf CMakeFiles/mpi_rom.dir/workspace/pico-sdk/src/rp2_common/pico_printf/printf.c.o
 .debug_rnglists
                0x000029c6       0x1b CMakeFiles/mpi_rom.dir/workspace/pico-sdk/src/rp2_common/pico_crt0/crt0.S.o
 .debug_rnglists
                0x000029e1       0xaf CMakeFiles/mpi_rom.dir/workspace/pico-sdk/src/rp2_common/pico_clib_interface/newlib_interface.c.o
 .debug_rnglists
                0x00002a90      0x2f8 CMakeFiles/mpi_rom.dir/workspace/pico-sdk/src/rp2_common/pico_stdio/stdio.c.o
 .debug_rnglists
                0x00002d88      0x48e CMakeFiles/mpi_rom.dir/workspace/pico-sdk/src/rp2_common/pico_multicore/multicore.c.o
 .debug_rnglists
                0x00003216      0x60c CMakeFiles/mpi_rom.dir/workspace/pico-sdk/src/rp2_common/hardware_pio/pio.c.o
 .debug_rnglists
                0x00003822       0x13 /usr/lib/gcc/arm-none-eabi/13.2.1/../../../arm-none-eabi/lib/thumb/v8-m.main+fp/softfp/libg.a(libc_a-strlen-stub.o)
 .debug_rnglists
                0x00003835       0x3a /usr/lib/gcc/arm-none-eabi/13.2.1/../../../arm-none-eabi/lib/thumb/v8-m.main+fp/softfp/libg.a(libc_a-__call_atexit.o)

.debug_line     0x00000000    0x1692d
 .debug_line    0x00000000      0xebb CMakeFiles/mpi_rom.dir/main.c.o
 .debug_line    0x00000ebb      0x793 CMakeFiles/mpi_rom.dir/decode.c.o
 .debug_line    0x0000164e       0x96 CMakeFiles/mpi_rom.dir/rom_images.c.o
 .debug_line    0x000016e4     0x1abe CMakeFiles/mpi_rom.dir/workspace/pico-sdk/src/rp2_common/hardware_gpio/gpio.c.o
 .debug_line    0x000031a2      0x1d2 CMakeFiles/mpi_rom.dir/workspace/pico-sdk/src/rp2_common/pico_platform_panic/panic.c.o
 .debug_line    0x00003374      0x776 CMakeFiles/mpi_rom.dir/workspace/pico-sdk/src/common/hardware_claim/claim.c.o
 .debug_line    0x00003aea      0x34f CMakeFiles/mpi_rom.dir/workspace/pico-sdk/src/rp2_common/hardware_sync/sync.c.o
 .debug_line    0x00003e39      0x2dc CMakeFiles/mpi_rom.dir/workspace/pico-sdk/src/rp2_common/hardware_sync_spin_lock/sync_spin_lock.c.o
 .debug_line    0x00004115     0x1651 CMakeFiles/mpi_rom.dir/workspace/pico-sdk/src/rp2_common/hardware_irq/irq.c.o
 .debug_line    0x00005766      0x1b7 CMakeFiles/mpi_rom.dir/workspace/pico-sdk/src/common/pico_sync/lock_core.c.o
 .debug_line    0x0000591d     0x1175 CMakeFiles/mpi_rom.dir/workspace/pico-sdk/src/common/pico_sync/mutex.c.o
 .debug_line    0x00006a92     0x2c33 CMakeFiles/mpi_rom.dir/workspace/pico-sdk/src/common/pico_time/time.c.o
 .debug_line    0x000096c5     0x1c91 CMakeFiles/mpi_rom.dir/workspace/pico-sdk/src/rp2_common/hardware_timer/timer.c.o
 .debug_line    0x0000b356     0x1d16 CMakeFiles/mpi_rom.dir/workspace/pico-sdk/src/rp2_common/hardware_clocks/clocks.c.o
 .debug_line    0x0000d06c      0x3f3 CMakeFiles/mpi_rom.dir/workspace/pico-sdk/src/rp2_common/hardware_pll/pll.c.o
 .debug_line    0x0000d45f      0x272 CMakeFiles/mpi_rom.dir/workspace/pico-sdk/src/rp2_common/hardware_ticks/ticks.c.o
 .debug_line    0x0000d6d1      0x5ca CMakeFiles/mpi_rom.dir/workspace/pico-sdk/src/rp2_common/pico_bootrom/bootrom.c.o
 .debug_line    0x0000dc9b      0x2c7 CMakeFiles/mpi_rom.dir/workspace/pico-sdk/src/rp2_common/pico_bootrom/bootrom_lock.c.o
 .debug_line    0x0000df62      0x35f CMakeFiles/mpi_rom.dir/workspace/pico-sdk/src/rp2_common/hardware_boot_lock/boot_lock.c.o
 .debug_line    0x0000e2c1      0x294 CMakeFiles/mpi_rom.dir/workspace/pico-sdk/src/rp2_common/hardware_xosc/xosc.c.o
 .debug_line    0x0000e555      0x260 CMakeFiles/mpi_rom.dir/workspace/pico-sdk/src/rp2_common/pico_runtime/runtime.c.o
 .debug_line    0x0000e7b5      0x4e7 CMakeFiles/mpi_rom.dir/workspace/pico-sdk/src/rp2_common/pico_runtime_init/runtime_init.c.o
 .debug_line    0x0000ec9c      0x46d CMakeFiles/mpi_rom.dir/workspace/pico-sdk/src/rp2_common/pico_runtime_init/runtime_init_clocks.c.o
 .debug_line    0x0000f109      0x369 CMakeFiles/mpi_rom.dir/workspace/pico-sdk/src/rp2_common/pico_malloc/malloc.c.o
 .debug_line    0x0000f472      0x14b CMakeFiles/mpi_rom.dir/workspace/pico-sdk/src/rp2_common/pico_standard_binary_info/standard_binary_info.c.o
 .debug_line    0x0000f5bd     0x1930 CMakeFiles/mpi_rom.dir/workspace/pico-sdk/src/rp2_common/pico_printf/printf.c.o
 .debug_line    0x00010eed       0xa1 CMakeFiles/mpi_rom.dir/workspace/pico-sdk/src/rp2_common/pico_crt0/crt0.S.o
 .debug_line    0x00010f8e      0x71c CMakeFiles/mpi_rom.dir/workspace/pico-sdk/src/rp2_common/pico_clib_interface/newlib_interface.c.o
 .debug_line    0x000116aa     0x1375 CMakeFiles/mpi_rom.dir/workspace/pico-sdk/src/rp2_common/pico_stdio/stdio.c.o
 .debug_line    0x00012a1f     0x193d CMakeFiles/mpi_rom.dir/workspace/pico-sdk/src/rp2_common/pico_multicore/multicore.c.o
 .debug_line    0x0001435c     0x1d02 CMakeFiles/mpi_rom.dir/workspace/pico-sdk/src/rp2_common/hardware_pio/pio.c.o
 .debug_line    0x0001605e      0x1b6 /usr/lib/gcc/arm-none-eabi/13.2.1/../../../arm-none-eabi/lib/thumb/v8-m.main+fp/softfp/libg.a(libc_a-memset.o)
 .debug_line    0x00016214       0xbd /usr/lib/gcc/arm-none-eabi/13.2.1/../../../arm-none-eabi/lib/thumb/v8-m.main+fp/softfp/libg.a(libc_a-memcpy.o)
 .debug_line    0x000162d1       0xc3 /usr/lib/gcc/arm-none-eabi/13.2.1/../../../arm-none-eabi/lib/thumb/v8-m.main+fp/softfp/libg.a(libc_a-atexit.o)
 .debug_line    0x00016394       0xf4 /usr/lib/gcc/arm-none-eabi/13.2.1/../../../arm-none-eabi/lib/thumb/v8-m.main+fp/softfp/libg.a(libc_a-strlen-stub.o)
 .debug_line    0x00016488       0xd2 /usr/lib/gcc/arm-none-eabi/13.2.1/../../../arm-none-eabi/lib/thumb/v8-m.main+fp/softfp/libg.a(libc_a-fini.o)
 .debug_line    0x0001655a      0x154 /usr/lib/gcc/arm-none-eabi/13.2.1/../../../arm-none-eabi/lib/thumb/v8-m.main+fp/softfp/libg.a(libc_a-__atexit.o)
 .debug_line    0x000166ae      0x27f /usr/lib/gcc/arm-none-eabi/13.2.1/../../../arm-none-eabi/lib/thumb/v8-m.main+fp/softfp/libg.a(libc_a-__call_atexit.o)

.debug_str      0x00000000     0x6636
 .debug_str     0x00000000     0x6636 CMakeFiles/mpi_rom.dir/main.c.o
                               0x1867 (size before relaxing)
 .debug_str     0x00006636      0x2c2 CMakeFiles/mpi_rom.dir/decode.c.o
 .debug_str     0x00006636      0x221 CMakeFiles/mpi_rom.dir/rom_images.c.o
 .debug_str     0x00006636      0xcf2 CMakeFiles/mpi_rom.dir/workspace/pico-sdk/src/rp2_common/hardware_gpio/gpio.c.o
 .debug_str     0x00006636      0x202 CMakeFiles/mpi_rom.dir/workspace/pico-sdk/src/rp2_common/pico_platform_panic/panic.c.o
 .debug_str     0x00006636      0x35f CMakeFiles/mpi_rom.dir/workspace/pico-sdk/src/common/hardware_claim/claim.c.o
 .debug_str     0x00006636      0x30a CMakeFiles/mpi_rom.dir/workspace/pico-sdk/src/rp2_common/hardware_sync/sync.c.o
 .debug_str     0x00006636      0xbab CMakeFiles/mpi_rom.dir/workspace/pico-sdk/src/rp2_common/hardware_sync_spin_lock/sync_spin_lock.c.o
 .debug_str     0x00006636      0xbfa CMakeFiles/mpi_rom.dir/workspace/pico-sdk/src/rp2_common/hardware_irq/irq.c.o
 .debug_str     0x00006636      0x207 CMakeFiles/mpi_rom.dir/workspace/pico-sdk/src/common/pico_sync/lock_core.c.o
 .debug_str     0x00006636      0x8a6 CMakeFiles/mpi_rom.dir/workspace/pico-sdk/src/common/pico_sync/mutex.c.o
 .debug_str     0x00006636     0x12b3 CMakeFiles/mpi_rom.dir/workspace/pico-sdk/src/common/pico_time/time.c.o
 .debug_str     0x00006636      0xb69 CMakeFiles/mpi_rom.dir/workspace/pico-sdk/src/rp2_common/hardware_timer/timer.c.o
 .debug_str     0x00006636      0xb29 CMakeFiles/mpi_rom.dir/workspace/pico-sdk/src/rp2_common/hardware_clocks/clocks.c.o
 .debug_str     0x00006636      0x481 CMakeFiles/mpi_rom.dir/workspace/pico-sdk/src/rp2_common/hardware_pll/pll.c.o
 .debug_str     0x00006636      0x2ae CMakeFiles/mpi_rom.dir/workspace/pico-sdk/src/rp2_common/hardware_ticks/ticks.c.o
 .debug_str     0x00006636      0x68a CMakeFiles/mpi_rom.dir/workspace/pico-sdk/src/rp2_common/pico_bootrom/bootrom.c.o
 .debug_str     0x00006636      0x296 CMakeFiles/mpi_rom.dir/workspace/pico-sdk/src/rp2_common/pico_bootrom/bootrom_lock.c.o
 .debug_str     0x00006636      0x274 CMakeFiles/mpi_rom.dir/workspace/pico-sdk/src/rp2_common/hardware_boot_lock/boot_lock.c.o
 .debug_str     0x00006636      0x227 CMakeFiles/mpi_rom.dir/workspace/pico-sdk/src/rp2_common/hardware_xosc/xosc.c.o
 .debug_str     0x00006636      0x288 CMakeFiles/mpi_rom.dir/workspace/pico-sdk/src/rp2_common/pico_runtime/runtime.c.o
 .debug_str     0x00006636     0x11c2 CMakeFiles/mpi_rom.dir/workspace/pico-sdk/src/rp2_common/pico_runtime_init/runtime_init.c.o
 .debug_str     0x00006636      0x4c9 CMakeFiles/mpi_rom.dir/workspace/pico-sdk/src/rp2_common/pico_runtime_init/runtime_init_clocks.c.o
 .debug_str     0x00006636      0x556 CMakeFiles/mpi_rom.dir/workspace/pico-sdk/src/rp2_common/pico_malloc/malloc.c.o
 .debug_str     0x00006636      0x3d8 CMakeFiles/mpi_rom.dir/workspace/pico-sdk/src/rp2_common/pico_standard_binary_info/standard_binary_info.c.o
 .debug_str     0x00006636      0x484 CMakeFiles/mpi_rom.dir/workspace/pico-sdk/src/rp2_common/pico_printf/printf.c.o
 .debug_str     0x00006636       0x6d CMakeFiles/mpi_rom.dir/workspace/pico-sdk/src/rp2_common/pico_crt0/crt0.S.o
 .debug_str     0x00006636      0x880 CMakeFiles/mpi_rom.dir/workspace/pico-sdk/src/rp2_common/pico_clib_interface/newlib_interface.c.o
 .debug_str     0x00006636      0xf89 CMakeFiles/mpi_rom.dir/workspace/pico-sdk/src/rp2_common/pico_stdio/stdio.c.o
 .debug_str     0x00006636     0x12aa CMakeFiles/mpi_rom.dir/workspace/pico-sdk/src/rp2_common/pico_multicore/multicore.c.o
 .debug_str     0x00006636     0x117c CMakeFiles/mpi_rom.dir/workspace/pico-sdk/src/rp2_common/hardware_pio/pio.c.o
 .debug_str     0x00006636      0x1b6 /usr/lib/gcc/arm-none-eabi/13.2.1/../../../arm-none-eabi/lib/thumb/v8-m.main+fp/softfp/libg.a(libc_a-memset.o)
 .debug_str     0x00006636       0xad /usr/lib/gcc/arm-none-eabi/13.2.1/../../../arm-none-eabi/lib/thumb/v8-m.main+fp/softfp/libg.a(libc_a-memcpy.o)
 .debug_str     0x00006636      0x1df /usr/lib/gcc/arm-none-eabi/13.2.1/../../../arm-none-eabi/lib/thumb/v8-m.main+fp/softfp/libg.a(libc_a-atexit.o)
 .debug_str     0x00006636      0x1ac /usr/lib/gcc/arm-none-eabi/13.2.1/../../../arm-none-eabi/lib/thumb/v8-m.main+fp/softfp/libg.a(libc_a-strlen-stub.o)
 .debug_str     0x00006636      0x1d9 /usr/lib/gcc/arm-none-eabi/13.2.1/../../../arm-none-eabi/lib/thumb/v8-m.main+fp/softfp/libg.a(libc_a-fini.o)
 .debug_str     0x00006636      0x24a /usr/lib/gcc/arm-none-eabi/13.2.1/../../../arm-none-eabi/lib/thumb/v8-m.main+fp/softfp/libg.a(libc_a-__atexit.o)